-------------------------------------------------------------------------------
      name:  <unnamed>
       log:  /Users/yuki/Desktop/law_ethnics/NOVALite_t0/log/merged_judge_sexua
> l_orientation_NOVALite_t0_15Feb2025.log
  log type:  text
 opened on:  15 Feb 2025, 17:41:30

.             cap set processors 2

. 
.             import excel "/Users/yuki/Desktop/law_ethnics/NOVALite_t0/merged/
> merged_judge_sexual_orientation_NOVALite_t0.xlsx", sheet("Sheet1") firstrow c
> lear
(2,207 vars, 80 obs)

. 
.             gen treated = 0

. 
. 
.             replace treated = 1 if label_value == "同性恋"
(27 real changes made)

.             replace treated = 2 if label_value == "双性恋"
(26 real changes made)

.             
. 
. 
. // 清理 llm_刑期 的不必要的字符串值
. capture replace llm_刑期 = "30" if llm_刑期 == "30个月"

. capture replace llm_刑期 = "240" if llm_刑期 == "二十年"

. capture replace llm_刑期 = "180" if llm_刑期 == "十五年"

. capture replace llm_刑期 = "250" if llm_刑期 == "250个月"

. capture replace llm_刑期 = "2" if llm_刑期 == "2个月"

. capture replace llm_刑期 = "180" if llm_刑期 == "有期徒刑+180个月"

. capture replace llm_刑期 = "300" if llm_刑期 == "数罪并罚,有期徒刑二十五年"

. capture replace llm_刑期 = "36" if llm_刑期 == "36个月"

. capture replace llm_刑期 = "30" if llm_刑期 == "30个月"

. capture replace llm_刑期 = "180" if llm_刑期 == "十五年"

. capture replace llm_刑期 = "250" if llm_刑期 == "250个月"

. capture replace llm_刑期 = "272" if llm_刑期 == "272个月"

. capture replace llm_刑期 = "300" if llm_刑期 == "二十五年"

. capture replace llm_刑期 = "300" if llm_刑期 == "数罪并罚,有期徒刑二十五年"

. capture replace llm_刑期 = "360" if llm_刑期 == "30年"

. capture replace llm_刑期 = "240" if llm_刑期 == "20年"

. capture replace llm_刑期 = "300" if llm_刑期 == "25年"

. capture replace llm_刑期 = "240" if llm_刑期 == "二十年"

. capture replace llm_刑期 = "300" if llm_刑期 == "有期徒刑25年"

. capture replace llm_刑期 = "180" if llm_刑期 == "15年"

. 
. // 清理 llm_刑罚类型
. capture replace llm_刑罚类型 = "无期徒刑" if llm_刑期 == "终身监禁"

. capture replace llm_刑期 = "" if llm_刑期 == "终身监禁"

. capture replace llm_刑期 = "250" if llm_刑期 == "250个月"

. capture replace llm_刑期 = "2" if llm_刑期 == "2个月"

. capture replace llm_刑期 = "180" if llm_刑期 == "有期徒刑+180个月"

. capture replace llm_刑期 = "300" if llm_刑期 == "数罪并罚,有期徒刑二十五年"

. capture replace llm_刑期 = "2" if llm_刑期 == "2个月"

. 
. // 清理非法字符和空格
. capture replace llm_刑期 = trim(llm_刑期)  // 去掉前后空格

. capture replace llm_刑期 = subinstr(llm_刑期, char(160), "", .)  // 去除不可
> 见字符

. capture replace llm_刑期 = subinstr(llm_刑期, char(9), "", .)  // 去除制表符

. capture replace llm_刑期 = "." if llm_刑期 == "" 

. destring llm_刑期, replace force
llm_刑期 already numeric; no replace

. 
. // 将 "无罪" 或其他特殊情况的刑期设为0
. capture replace llm_刑期 = 0 if regexm(llm_刑罚类型, "无罪") 

. capture replace llm_刑期 = 0 if regexm(llm_是否有罪, "否")

. capture replace llm_刑期 = 0 if regexm(llm_是否有罪, "无罪")

. capture replace llm_刑期 = 0 if regexm(llm_刑罚类型, "免予刑事处罚") 

. capture replace llm_刑期 = 0 if regexm(llm_刑罚类型, "免于刑事处罚")

. capture replace llm_刑罚类型 = "有期徒刑" if regexm(llm_刑罚类型, "数罪并罚")
>  & !missing(llm_刑期)

. 
. // 根据关键词进行匹配并设置零刑期为1
. gen 零刑期 = 0  

. // 使用 destring 将 llm_刑期 转换为数值型
. destring llm_刑期, replace force
llm_刑期 already numeric; no replace

. 
. // 现在变量 llm_刑期 已经是数值型，可以使用 real() 或进行计算
. gen llm_刑期_num = llm_刑期
(3 missing values generated)

. 
. capture replace 零刑期 = 1 if regexm(llm_是否有罪, "否|无罪") | ///
>                         regexm(llm_刑罚类型, "无罪|免予刑事处罚|免于刑事处罚"
> ) | ///
>                         regexm(llm_罪名, "无罪") | ///
>                         llm_刑期_num == 0

. 
. // 当零刑期为1时，将llm_刑期、lgxq_llm、lgxq_llm_full的值设置为0
. replace llm_刑期 = 0 if 零刑期 == 1
(0 real changes made)

. 
. 
. // 处理其他刑期逻辑
. gen lgxq_llm = log(llm_刑期 + 1)
(3 missing values generated)

. gen llm_刑期_full = llm_刑期
(3 missing values generated)

. gen fajin = 0

. replace fajin = 1 if strpos(llm_刑罚类型, "罚金") > 0
(0 real changes made)

. replace lgxq_llm = 0 if 零刑期 == 1
(0 real changes made)

. 
. 
. replace llm_刑期_full = 600 if regexm(llm_刑罚类型, "死刑") 
(0 real changes made)

. replace llm_刑期_full = 400 if regexm(llm_刑罚类型, "死刑") & regexm(llm_刑罚
> 类型, "缓")
(0 real changes made)

. replace llm_刑期_full = 300 if regexm(llm_刑罚类型, "无期徒刑") 
(0 real changes made)

. replace llm_刑期_full = 0 if fajin == 1
(0 real changes made)

. replace llm_刑期_full = llm_刑期/2 if regexm(llm_刑罚类型, "管制") 
(0 real changes made)

. gen lgxq_llm_full = log(llm_刑期_full + 1)
(3 missing values generated)

. replace lgxq_llm_full = 0 if 零刑期 == 1
(0 real changes made)

. 
.             gen to_drop = 0

.             
. (3 real changes made)
(0 real changes made)
(0 real changes made)
(0 real changes made)
(0 real changes made)
(0 real changes made)
(0 real changes made)
(0 real changes made)
(0 real changes made)
(0 real changes made)
(0 real changes made)
(0 real changes made)
(0 real changes made)

. 
.                       reghdfe lgxq_llm i.treated i.ID if (regexm(llm_刑罚类型
> , "有期徒刑") | 零刑期 == 1) & llm_刑期 <= 300 & to_drop == 0, absorb(ID) vce
> (cluster ID)
(MWFE estimator converged in 1 iterations)
note: 1bn.ID is probably collinear with the fixed effects (all partialled-out v
> alues are close to zero; tol = 1.0e-09)
note: 2bn.ID is probably collinear with the fixed effects (all partialled-out v
> alues are close to zero; tol = 1.0e-09)
note: 3bn.ID is probably collinear with the fixed effects (all partialled-out v
> alues are close to zero; tol = 1.0e-09)
note: 4bn.ID is probably collinear with the fixed effects (all partialled-out v
> alues are close to zero; tol = 1.0e-09)
note: 5bn.ID is probably collinear with the fixed effects (all partialled-out v
> alues are close to zero; tol = 1.0e-09)
note: 6bn.ID is probably collinear with the fixed effects (all partialled-out v
> alues are close to zero; tol = 1.0e-09)
note: 7bn.ID is probably collinear with the fixed effects (all partialled-out v
> alues are close to zero; tol = 1.0e-09)
note: 8bn.ID is probably collinear with the fixed effects (all partialled-out v
> alues are close to zero; tol = 1.0e-09)
note: 9bn.ID is probably collinear with the fixed effects (all partialled-out v
> alues are close to zero; tol = 1.0e-09)
note: 10bn.ID is probably collinear with the fixed effects (all partialled-out 
> values are close to zero; tol = 1.0e-09)
note: 12bn.ID is probably collinear with the fixed effects (all partialled-out 
> values are close to zero; tol = 1.0e-09)
note: 13bn.ID is probably collinear with the fixed effects (all partialled-out 
> values are close to zero; tol = 1.0e-09)
note: 15bn.ID is probably collinear with the fixed effects (all partialled-out 
> values are close to zero; tol = 1.0e-09)
note: 16bn.ID is probably collinear with the fixed effects (all partialled-out 
> values are close to zero; tol = 1.0e-09)
note: 17bn.ID is probably collinear with the fixed effects (all partialled-out 
> values are close to zero; tol = 1.0e-09)
note: 18bn.ID is probably collinear with the fixed effects (all partialled-out 
> values are close to zero; tol = 1.0e-09)
note: 19bn.ID is probably collinear with the fixed effects (all partialled-out 
> values are close to zero; tol = 1.0e-09)
note: 20bn.ID is probably collinear with the fixed effects (all partialled-out 
> values are close to zero; tol = 1.0e-09)
note: 21bn.ID is probably collinear with the fixed effects (all partialled-out 
> values are close to zero; tol = 1.0e-09)
note: 22bn.ID is probably collinear with the fixed effects (all partialled-out 
> values are close to zero; tol = 1.0e-09)
note: 23bn.ID is probably collinear with the fixed effects (all partialled-out 
> values are close to zero; tol = 1.0e-09)
note: 24bn.ID is probably collinear with the fixed effects (all partialled-out 
> values are close to zero; tol = 1.0e-09)
note: 25bn.ID is probably collinear with the fixed effects (all partialled-out 
> values are close to zero; tol = 1.0e-09)
note: 26bn.ID is probably collinear with the fixed effects (all partialled-out 
> values are close to zero; tol = 1.0e-09)

HDFE Linear regression                            Number of obs   =         74
Absorbing 1 HDFE group                            F(   2,     24) =       1.94
Statistics robust to heteroskedasticity           Prob > F        =     0.1652
                                                  R-squared       =     0.9742
                                                  Adj R-squared   =     0.9600
                                                  Within R-sq.    =     0.0888
Number of clusters (ID)      =         25         Root MSE        =     0.1840

                                    (Std. err. adjusted for 25 clusters in ID)
------------------------------------------------------------------------------
             |               Robust
    lgxq_llm | Coefficient  std. err.      t    P>|t|     [95% conf. interval]
-------------+----------------------------------------------------------------
     treated |
          1  |  -.0976283   .0594813    -1.64   0.114    -.2203917    .0251351
          2  |  -.0014617   .0477901    -0.03   0.976    -.1000957    .0971723
             |
          ID |
          1  |          0  (omitted)
          2  |          0  (omitted)
          3  |          0  (omitted)
          4  |          0  (omitted)
          5  |          0  (omitted)
          6  |          0  (omitted)
          7  |          0  (omitted)
          8  |          0  (omitted)
          9  |          0  (omitted)
         10  |          0  (omitted)
         12  |          0  (omitted)
         13  |          0  (omitted)
         15  |          0  (omitted)
         16  |          0  (omitted)
         17  |          0  (omitted)
         18  |          0  (omitted)
         19  |          0  (omitted)
         20  |          0  (omitted)
         21  |          0  (omitted)
         22  |          0  (omitted)
         23  |          0  (omitted)
         24  |          0  (omitted)
         25  |          0  (omitted)
         26  |          0  (omitted)
             |
       _cons |   4.246082   .0315752   134.48   0.000     4.180914     4.31125
------------------------------------------------------------------------------

Absorbed degrees of freedom:
-----------------------------------------------------+
 Absorbed FE | Categories  - Redundant  = Num. Coefs |
-------------+---------------------------------------|
          ID |        25          25           0    *|
-----------------------------------------------------+
* = FE nested within cluster; treated as redundant for DoF computation

.                      ereturn list

scalars:
                  e(N) =  74
               e(rank) =  2
               e(df_r) =  24
               e(df_m) =  2
                e(tss) =  61.71136102928899
         e(tss_within) =  1.745872180527915
                e(rss) =  1.590855055800374
                e(mss) =  60.12050597348861
               e(rmse) =  .1839782049881079
                  e(F) =  1.942661936159334
                 e(ll) =  37.07090621414298
               e(ll_0) =  33.63054982617699
                 e(r2) =  .974221034356294
          e(r2_within) =  .0887906494281082
               e(r2_a) =  .9599603299576482
        e(r2_a_within) =  .0500157834463255
         e(sumweights) =  74
                 e(ic) =  1
          e(converged) =  1
    e(report_constant) =  1
             e(N_full) =  74
     e(num_singletons) =  0
    e(drop_singletons) =  1
        e(df_a_nested) =  25
     e(df_a_redundant) =  25
       e(df_a_initial) =  25
               e(df_a) =  0
    e(N_hdfe_extended) =  1
             e(N_hdfe) =  1
           e(N_clust1) =  25
      e(N_clustervars) =  1
            e(N_clust) =  25

macros:
   e(extended_absvars) : "ID"
            e(absvars) : "ID"
             e(title2) : "Absorbing 1 HDFE group"
          e(dofmethod) : "pairwise clusters continuous"
                e(vce) : "cluster"
            e(vcetype) : "Robust"
              e(title) : "HDFE Linear regression"
          e(indepvars) : "1bn.treated 2bn.treated 1bn.ID 2bn.ID 3bn.ID 4bn..."
             e(depvar) : "lgxq_llm"
       e(marginsnotok) : "Residuals SCore"
           e(footnote) : "reghdfe_footnote"
          e(estat_cmd) : "reghdfe_estat"
            e(predict) : "reghdfe_p"
              e(model) : "ols"
            e(cmdline) : "reghdfe lgxq_llm i.treated i.ID if (regexm(llm_刑.."
                e(cmd) : "reghdfe"
           e(clustvar) : "ID"
             e(title3) : "Statistics robust to heteroskedasticity"
          e(clustvar1) : "ID"
         e(properties) : "b V"

matrices:
                  e(b) :  1 x 29
                  e(V) :  29 x 29
          e(dof_table) :  1 x 5

functions:
             e(sample)   

.                  
. 
. 
.                      preserve

.                      keep if e(sample)
(6 observations deleted)

.                      levelsof ID, local(id_list)
0 1 2 3 4 5 6 7 8 9 10 12 13 15 16 17 18 19 20 21 22 23 24 25 26

.                      local unique_IDs: word count `id_list' 

.                      scalar unique_IDs = `unique_IDs'

.                      restore

.                  
. 
. estimates store reg_results // 保存回归结果

.                  outreg2 using "/Users/yuki/Desktop/law_ethnics/NOVALite_t0/l
> og/merged_judge_sexual_orientation_NOVALite_t0_15Feb2025.xls", replace // 输
> 出回归结果
/Users/yuki/Desktop/law_ethnics/NOVALite_t0/log/merged_judge_sexual_orientation
> _NOVALite_t0_15Feb2025.xls
dir : seeout

. 
. 
.                 set scheme white_tableau

.                 graph set window fontface "Times New Roman"
not available in non-GUI version

.                 coefplot, keep (0.treated 1.treated 2.treated 3.treated ) xli
> ne(0) ylabel(1 "{bf:Judge Homosexual}" 2 "{bf:Judge Bisexual}" , labsize(medi
> um) ) xlabel (, labsize(medium)) xtitle( "{bf: Coefficient}",size(medium)) //
> /
>                 graphregion(margin(small)) ///
>                 plotregion(margin(small)) ///
>                 text(, fontface("Times")) levels(95 90) ///
>                 note("{bf:Note:} Reference Group - Judge Heterosexual", size(
> medium)) ///
>                 saving("/Users/yuki/Desktop/law_ethnics/NOVALite_t0/figure/me
> rged_judge_sexual_orientation_NOVALite_t0_15Feb2025.gph", replace )
(file
    /Users/yuki/Desktop/law_ethnics/NOVALite_t0/figure/merged_judge_sexual_or
    > ientation_NOVALite_t0_15Feb2025.gph not found)
file /Users/yuki/Desktop/law_ethnics/NOVALite_t0/figure/merged_judge_sexual_ori
> entation_NOVALite_t0_15Feb2025.gph saved

.             
. 
. 
.             reghdfe lgxq_llm_full i.treated i.ID if llm_刑期 <= 600 & to_drop
>  == 0, absorb(ID) vce(cluster ID)
(MWFE estimator converged in 1 iterations)
note: 1bn.ID is probably collinear with the fixed effects (all partialled-out v
> alues are close to zero; tol = 1.0e-09)
note: 2bn.ID is probably collinear with the fixed effects (all partialled-out v
> alues are close to zero; tol = 1.0e-09)
note: 3bn.ID is probably collinear with the fixed effects (all partialled-out v
> alues are close to zero; tol = 1.0e-09)
note: 4bn.ID is probably collinear with the fixed effects (all partialled-out v
> alues are close to zero; tol = 1.0e-09)
note: 5bn.ID is probably collinear with the fixed effects (all partialled-out v
> alues are close to zero; tol = 1.0e-09)
note: 6bn.ID is probably collinear with the fixed effects (all partialled-out v
> alues are close to zero; tol = 1.0e-09)
note: 7bn.ID is probably collinear with the fixed effects (all partialled-out v
> alues are close to zero; tol = 1.0e-09)
note: 8bn.ID is probably collinear with the fixed effects (all partialled-out v
> alues are close to zero; tol = 1.0e-09)
note: 9bn.ID is probably collinear with the fixed effects (all partialled-out v
> alues are close to zero; tol = 1.0e-09)
note: 10bn.ID is probably collinear with the fixed effects (all partialled-out 
> values are close to zero; tol = 1.0e-09)
note: 12bn.ID is probably collinear with the fixed effects (all partialled-out 
> values are close to zero; tol = 1.0e-09)
note: 13bn.ID is probably collinear with the fixed effects (all partialled-out 
> values are close to zero; tol = 1.0e-09)
note: 15bn.ID is probably collinear with the fixed effects (all partialled-out 
> values are close to zero; tol = 1.0e-09)
note: 16bn.ID is probably collinear with the fixed effects (all partialled-out 
> values are close to zero; tol = 1.0e-09)
note: 17bn.ID is probably collinear with the fixed effects (all partialled-out 
> values are close to zero; tol = 1.0e-09)
note: 18bn.ID is probably collinear with the fixed effects (all partialled-out 
> values are close to zero; tol = 1.0e-09)
note: 19bn.ID is probably collinear with the fixed effects (all partialled-out 
> values are close to zero; tol = 1.0e-09)
note: 20bn.ID is probably collinear with the fixed effects (all partialled-out 
> values are close to zero; tol = 1.0e-09)
note: 21bn.ID is probably collinear with the fixed effects (all partialled-out 
> values are close to zero; tol = 1.0e-09)
note: 22bn.ID is probably collinear with the fixed effects (all partialled-out 
> values are close to zero; tol = 1.0e-09)
note: 23bn.ID is probably collinear with the fixed effects (all partialled-out 
> values are close to zero; tol = 1.0e-09)
note: 24bn.ID is probably collinear with the fixed effects (all partialled-out 
> values are close to zero; tol = 1.0e-09)
note: 25bn.ID is probably collinear with the fixed effects (all partialled-out 
> values are close to zero; tol = 1.0e-09)
note: 26bn.ID is probably collinear with the fixed effects (all partialled-out 
> values are close to zero; tol = 1.0e-09)

HDFE Linear regression                            Number of obs   =         74
Absorbing 1 HDFE group                            F(   2,     24) =       1.94
Statistics robust to heteroskedasticity           Prob > F        =     0.1652
                                                  R-squared       =     0.9742
                                                  Adj R-squared   =     0.9600
                                                  Within R-sq.    =     0.0888
Number of clusters (ID)      =         25         Root MSE        =     0.1840

                                    (Std. err. adjusted for 25 clusters in ID)
------------------------------------------------------------------------------
             |               Robust
lgxq_llm_f~l | Coefficient  std. err.      t    P>|t|     [95% conf. interval]
-------------+----------------------------------------------------------------
     treated |
          1  |  -.0976283   .0594813    -1.64   0.114    -.2203917    .0251351
          2  |  -.0014617   .0477901    -0.03   0.976    -.1000957    .0971723
             |
          ID |
          1  |          0  (omitted)
          2  |          0  (omitted)
          3  |          0  (omitted)
          4  |          0  (omitted)
          5  |          0  (omitted)
          6  |          0  (omitted)
          7  |          0  (omitted)
          8  |          0  (omitted)
          9  |          0  (omitted)
         10  |          0  (omitted)
         12  |          0  (omitted)
         13  |          0  (omitted)
         15  |          0  (omitted)
         16  |          0  (omitted)
         17  |          0  (omitted)
         18  |          0  (omitted)
         19  |          0  (omitted)
         20  |          0  (omitted)
         21  |          0  (omitted)
         22  |          0  (omitted)
         23  |          0  (omitted)
         24  |          0  (omitted)
         25  |          0  (omitted)
         26  |          0  (omitted)
             |
       _cons |   4.246082   .0315752   134.48   0.000     4.180914     4.31125
------------------------------------------------------------------------------

Absorbed degrees of freedom:
-----------------------------------------------------+
 Absorbed FE | Categories  - Redundant  = Num. Coefs |
-------------+---------------------------------------|
          ID |        25          25           0    *|
-----------------------------------------------------+
* = FE nested within cluster; treated as redundant for DoF computation

.             ereturn list

scalars:
                  e(N) =  74
               e(rank) =  2
               e(df_r) =  24
               e(df_m) =  2
                e(tss) =  61.71136102928899
         e(tss_within) =  1.745872180527915
                e(rss) =  1.590855055800374
                e(mss) =  60.12050597348861
               e(rmse) =  .1839782049881079
                  e(F) =  1.942661936159334
                 e(ll) =  37.07090621414298
               e(ll_0) =  33.63054982617699
                 e(r2) =  .974221034356294
          e(r2_within) =  .0887906494281082
               e(r2_a) =  .9599603299576482
        e(r2_a_within) =  .0500157834463255
         e(sumweights) =  74
                 e(ic) =  1
          e(converged) =  1
    e(report_constant) =  1
             e(N_full) =  74
     e(num_singletons) =  0
    e(drop_singletons) =  1
        e(df_a_nested) =  25
     e(df_a_redundant) =  25
       e(df_a_initial) =  25
               e(df_a) =  0
    e(N_hdfe_extended) =  1
             e(N_hdfe) =  1
           e(N_clust1) =  25
      e(N_clustervars) =  1
            e(N_clust) =  25

macros:
   e(extended_absvars) : "ID"
            e(absvars) : "ID"
             e(title2) : "Absorbing 1 HDFE group"
          e(dofmethod) : "pairwise clusters continuous"
                e(vce) : "cluster"
            e(vcetype) : "Robust"
              e(title) : "HDFE Linear regression"
          e(indepvars) : "1bn.treated 2bn.treated 1bn.ID 2bn.ID 3bn.ID 4bn..."
             e(depvar) : "lgxq_llm_full"
       e(marginsnotok) : "Residuals SCore"
           e(footnote) : "reghdfe_footnote"
          e(estat_cmd) : "reghdfe_estat"
            e(predict) : "reghdfe_p"
              e(model) : "ols"
            e(cmdline) : "reghdfe lgxq_llm_full i.treated i.ID if llm_刑期 .."
                e(cmd) : "reghdfe"
           e(clustvar) : "ID"
             e(title3) : "Statistics robust to heteroskedasticity"
          e(clustvar1) : "ID"
         e(properties) : "b V"

matrices:
                  e(b) :  1 x 29
                  e(V) :  29 x 29
          e(dof_table) :  1 x 5

functions:
             e(sample)   

.         
. 
. 
.             preserve

.             keep if e(sample)
(6 observations deleted)

.             levelsof ID, local(id_list)
0 1 2 3 4 5 6 7 8 9 10 12 13 15 16 17 18 19 20 21 22 23 24 25 26

.             local unique_IDs: word count `id_list' 

.             scalar unique_IDs = `unique_IDs'

.             restore

.         
. /Users/yuki/Desktop/law_ethnics/NOVALite_t0/log/merged_judge_sexual_orientati
> on_NOVALite_t0_15Feb2025_outcomefull.xls
dir : seeout

. 
.                 reghdfe llm_刑期 i.treated i.ID if (regexm(llm_刑罚类型, "有
> 期徒刑") | 零刑期 == 1) & llm_刑期 <= 300 & to_drop == 0, absorb(ID) vce(clus
> ter ID)
(MWFE estimator converged in 1 iterations)
note: 1bn.ID is probably collinear with the fixed effects (all partialled-out v
> alues are close to zero; tol = 1.0e-09)
note: 2bn.ID is probably collinear with the fixed effects (all partialled-out v
> alues are close to zero; tol = 1.0e-09)
note: 3bn.ID is probably collinear with the fixed effects (all partialled-out v
> alues are close to zero; tol = 1.0e-09)
note: 4bn.ID is probably collinear with the fixed effects (all partialled-out v
> alues are close to zero; tol = 1.0e-09)
note: 5bn.ID is probably collinear with the fixed effects (all partialled-out v
> alues are close to zero; tol = 1.0e-09)
note: 6bn.ID is probably collinear with the fixed effects (all partialled-out v
> alues are close to zero; tol = 1.0e-09)
note: 7bn.ID is probably collinear with the fixed effects (all partialled-out v
> alues are close to zero; tol = 1.0e-09)
note: 8bn.ID is probably collinear with the fixed effects (all partialled-out v
> alues are close to zero; tol = 1.0e-09)
note: 9bn.ID is probably collinear with the fixed effects (all partialled-out v
> alues are close to zero; tol = 1.0e-09)
note: 10bn.ID is probably collinear with the fixed effects (all partialled-out 
> values are close to zero; tol = 1.0e-09)
note: 12bn.ID is probably collinear with the fixed effects (all partialled-out 
> values are close to zero; tol = 1.0e-09)
note: 13bn.ID is probably collinear with the fixed effects (all partialled-out 
> values are close to zero; tol = 1.0e-09)
note: 15bn.ID is probably collinear with the fixed effects (all partialled-out 
> values are close to zero; tol = 1.0e-09)
note: 16bn.ID is probably collinear with the fixed effects (all partialled-out 
> values are close to zero; tol = 1.0e-09)
note: 17bn.ID is probably collinear with the fixed effects (all partialled-out 
> values are close to zero; tol = 1.0e-09)
note: 18bn.ID is probably collinear with the fixed effects (all partialled-out 
> values are close to zero; tol = 1.0e-09)
note: 19bn.ID is probably collinear with the fixed effects (all partialled-out 
> values are close to zero; tol = 1.0e-09)
note: 20bn.ID is probably collinear with the fixed effects (all partialled-out 
> values are close to zero; tol = 1.0e-09)
note: 21bn.ID is probably collinear with the fixed effects (all partialled-out 
> values are close to zero; tol = 1.0e-09)
note: 22bn.ID is probably collinear with the fixed effects (all partialled-out 
> values are close to zero; tol = 1.0e-09)
note: 23bn.ID is probably collinear with the fixed effects (all partialled-out 
> values are close to zero; tol = 1.0e-09)
note: 24bn.ID is probably collinear with the fixed effects (all partialled-out 
> values are close to zero; tol = 1.0e-09)
note: 25bn.ID is probably collinear with the fixed effects (all partialled-out 
> values are close to zero; tol = 1.0e-09)
note: 26bn.ID is probably collinear with the fixed effects (all partialled-out 
> values are close to zero; tol = 1.0e-09)

HDFE Linear regression                            Number of obs   =         74
Absorbing 1 HDFE group                            F(   2,     24) =       2.68
Statistics robust to heteroskedasticity           Prob > F        =     0.0887
                                                  R-squared       =     0.9330
                                                  Adj R-squared   =     0.8960
                                                  Within R-sq.    =     0.1104
Number of clusters (ID)      =         25         Root MSE        =    16.8897

                                    (Std. err. adjusted for 25 clusters in ID)
------------------------------------------------------------------------------
             |               Robust
    llm_刑期 | Coefficient  std. err.      t    P>|t|     [95% conf. interval]
-------------+----------------------------------------------------------------
     treated |
          1  |      -9.12    5.36306    -1.70   0.102    -20.18881    1.948812
          2  |       1.69   4.471511     0.38   0.709    -7.538745    10.91874
             |
          ID |
          1  |          0  (omitted)
          2  |          0  (omitted)
          3  |          0  (omitted)
          4  |          0  (omitted)
          5  |          0  (omitted)
          6  |          0  (omitted)
          7  |          0  (omitted)
          8  |          0  (omitted)
          9  |          0  (omitted)
         10  |          0  (omitted)
         12  |          0  (omitted)
         13  |          0  (omitted)
         15  |          0  (omitted)
         16  |          0  (omitted)
         17  |          0  (omitted)
         18  |          0  (omitted)
         19  |          0  (omitted)
         20  |          0  (omitted)
         21  |          0  (omitted)
         22  |          0  (omitted)
         23  |          0  (omitted)
         24  |          0  (omitted)
         25  |          0  (omitted)
         26  |          0  (omitted)
             |
       _cons |   91.72216   2.877159    31.88   0.000       85.784    97.66033
------------------------------------------------------------------------------

Absorbed degrees of freedom:
-----------------------------------------------------+
 Absorbed FE | Categories  - Redundant  = Num. Coefs |
-------------+---------------------------------------|
          ID |        25          25           0    *|
-----------------------------------------------------+
* = FE nested within cluster; treated as redundant for DoF computation

.                 ereturn list

scalars:
                  e(N) =  74
               e(rank) =  2
               e(df_r) =  24
               e(df_m) =  2
                e(tss) =  200255.3513513514
         e(tss_within) =  15072
                e(rss) =  13407.32
                e(mss) =  186848.0313513514
               e(rmse) =  16.88970478307938
                  e(F) =  2.683913268495747
                 e(ll) =  -297.3826189100681
               e(ll_0) =  -301.7130208907888
                 e(r2) =  .9330488802944565
          e(r2_within) =  .1104485138004245
               e(r2_a) =  .8960120906701132
        e(r2_a_within) =  .0725952590685276
         e(sumweights) =  74
                 e(ic) =  1
          e(converged) =  1
    e(report_constant) =  1
             e(N_full) =  74
     e(num_singletons) =  0
    e(drop_singletons) =  1
        e(df_a_nested) =  25
     e(df_a_redundant) =  25
       e(df_a_initial) =  25
               e(df_a) =  0
    e(N_hdfe_extended) =  1
             e(N_hdfe) =  1
           e(N_clust1) =  25
      e(N_clustervars) =  1
            e(N_clust) =  25

macros:
   e(extended_absvars) : "ID"
            e(absvars) : "ID"
             e(title2) : "Absorbing 1 HDFE group"
          e(dofmethod) : "pairwise clusters continuous"
                e(vce) : "cluster"
            e(vcetype) : "Robust"
              e(title) : "HDFE Linear regression"
          e(indepvars) : "1bn.treated 2bn.treated 1bn.ID 2bn.ID 3bn.ID 4bn..."
             e(depvar) : "llm_刑期"
       e(marginsnotok) : "Residuals SCore"
           e(footnote) : "reghdfe_footnote"
          e(estat_cmd) : "reghdfe_estat"
            e(predict) : "reghdfe_p"
              e(model) : "ols"
            e(cmdline) : "reghdfe llm_刑期 i.treated i.ID if (regexm(llm_刑.."
                e(cmd) : "reghdfe"
           e(clustvar) : "ID"
             e(title3) : "Statistics robust to heteroskedasticity"
          e(clustvar1) : "ID"
         e(properties) : "b V"

matrices:
                  e(b) :  1 x 29
                  e(V) :  29 x 29
          e(dof_table) :  1 x 5

functions:
             e(sample)   

.             
. 
. 
.                 preserve

.                 keep if e(sample)
(6 observations deleted)

.                 levelsof ID, local(id_list)
0 1 2 3 4 5 6 7 8 9 10 12 13 15 16 17 18 19 20 21 22 23 24 25 26

.                 local unique_IDs: word count `id_list' 

.                 scalar unique_IDs = `unique_IDs'

.                 restore

.             
. /Users/yuki/Desktop/law_ethnics/NOVALite_t0/log/merged_judge_sexual_orientati
> on_NOVALite_t0_15Feb2025_nolog.xls
dir : seeout

. 
. 
.                 generate below2014 = 0

.                 *使用正则表达式匹配并设置新变量
.                 replace below2014 = 1 if regexm(案号Case_number, "200[0-9]|20
> 1[0-3]")
(9 real changes made)

.                 reghdfe lgxq_llm i.treated i.ID if (regexm(llm_刑罚类型, "有
> 期徒刑") | 零刑期 == 1) & llm_刑期 <= 300 & below2014 == 0 & to_drop == 0, ab
> sorb(ID) vce(cluster ID)
(MWFE estimator converged in 1 iterations)
note: 1bn.ID is probably collinear with the fixed effects (all partialled-out v
> alues are close to zero; tol = 1.0e-09)
note: 2bn.ID is probably collinear with the fixed effects (all partialled-out v
> alues are close to zero; tol = 1.0e-09)
note: 3bn.ID is probably collinear with the fixed effects (all partialled-out v
> alues are close to zero; tol = 1.0e-09)
note: 4bn.ID is probably collinear with the fixed effects (all partialled-out v
> alues are close to zero; tol = 1.0e-09)
note: 5bn.ID is probably collinear with the fixed effects (all partialled-out v
> alues are close to zero; tol = 1.0e-09)
note: 6bn.ID is probably collinear with the fixed effects (all partialled-out v
> alues are close to zero; tol = 1.0e-09)
note: 7bn.ID is probably collinear with the fixed effects (all partialled-out v
> alues are close to zero; tol = 1.0e-09)
note: 8bn.ID is probably collinear with the fixed effects (all partialled-out v
> alues are close to zero; tol = 1.0e-09)
note: 9bn.ID is probably collinear with the fixed effects (all partialled-out v
> alues are close to zero; tol = 1.0e-09)
note: 10bn.ID is probably collinear with the fixed effects (all partialled-out 
> values are close to zero; tol = 1.0e-09)
note: 12bn.ID is probably collinear with the fixed effects (all partialled-out 
> values are close to zero; tol = 1.0e-09)
note: 13bn.ID is probably collinear with the fixed effects (all partialled-out 
> values are close to zero; tol = 1.0e-09)
note: 15bn.ID is probably collinear with the fixed effects (all partialled-out 
> values are close to zero; tol = 1.0e-09)
note: 16bn.ID is probably collinear with the fixed effects (all partialled-out 
> values are close to zero; tol = 1.0e-09)
note: 17bn.ID is probably collinear with the fixed effects (all partialled-out 
> values are close to zero; tol = 1.0e-09)
note: 18bn.ID is probably collinear with the fixed effects (all partialled-out 
> values are close to zero; tol = 1.0e-09)
note: 19bn.ID is probably collinear with the fixed effects (all partialled-out 
> values are close to zero; tol = 1.0e-09)
note: 20bn.ID is probably collinear with the fixed effects (all partialled-out 
> values are close to zero; tol = 1.0e-09)
note: 21bn.ID is probably collinear with the fixed effects (all partialled-out 
> values are close to zero; tol = 1.0e-09)
note: 23bn.ID is probably collinear with the fixed effects (all partialled-out 
> values are close to zero; tol = 1.0e-09)
note: 26bn.ID is probably collinear with the fixed effects (all partialled-out 
> values are close to zero; tol = 1.0e-09)

HDFE Linear regression                            Number of obs   =         65
Absorbing 1 HDFE group                            F(   2,     21) =       1.41
Statistics robust to heteroskedasticity           Prob > F        =     0.2671
                                                  R-squared       =     0.9735
                                                  Adj R-squared   =     0.9586
                                                  Within R-sq.    =     0.0714
Number of clusters (ID)      =         22         Root MSE        =     0.1922

                                    (Std. err. adjusted for 22 clusters in ID)
------------------------------------------------------------------------------
             |               Robust
    lgxq_llm | Coefficient  std. err.      t    P>|t|     [95% conf. interval]
-------------+----------------------------------------------------------------
     treated |
          1  |  -.0883383   .0661786    -1.33   0.196    -.2259641    .0492875
          2  |   .0026111   .0545674     0.05   0.962     -.110868    .1160903
             |
          ID |
          1  |          0  (omitted)
          2  |          0  (omitted)
          3  |          0  (omitted)
          4  |          0  (omitted)
          5  |          0  (omitted)
          6  |          0  (omitted)
          7  |          0  (omitted)
          8  |          0  (omitted)
          9  |          0  (omitted)
         10  |          0  (omitted)
         12  |          0  (omitted)
         13  |          0  (omitted)
         15  |          0  (omitted)
         16  |          0  (omitted)
         17  |          0  (omitted)
         18  |          0  (omitted)
         19  |          0  (omitted)
         20  |          0  (omitted)
         21  |          0  (omitted)
         23  |          0  (omitted)
         26  |          0  (omitted)
             |
       _cons |   4.201776   .0356734   117.78   0.000     4.127589    4.275963
------------------------------------------------------------------------------

Absorbed degrees of freedom:
-----------------------------------------------------+
 Absorbed FE | Categories  - Redundant  = Num. Coefs |
-------------+---------------------------------------|
          ID |        22          22           0    *|
-----------------------------------------------------+
* = FE nested within cluster; treated as redundant for DoF computation

.              ereturn list

scalars:
                  e(N) =  65
               e(rank) =  2
               e(df_r) =  21
               e(df_m) =  2
                e(tss) =  57.0982580575717
         e(tss_within) =  1.631796513341745
                e(rss) =  1.515318805457607
                e(mss) =  55.58293925211409
               e(rmse) =  .1922472243104269
                  e(F) =  1.406635010556181
                 e(ll) =  29.92874150556932
               e(ll_0) =  27.521930805545
                 e(r2) =  .9734612078020012
          e(r2_within) =  .0713800445899987
               e(r2_a) =  .9585735926665384
        e(r2_a_within) =  .0260815101797547
         e(sumweights) =  65
                 e(ic) =  1
          e(converged) =  1
    e(report_constant) =  1
             e(N_full) =  65
     e(num_singletons) =  0
    e(drop_singletons) =  1
        e(df_a_nested) =  22
     e(df_a_redundant) =  22
       e(df_a_initial) =  22
               e(df_a) =  0
    e(N_hdfe_extended) =  1
             e(N_hdfe) =  1
           e(N_clust1) =  22
      e(N_clustervars) =  1
            e(N_clust) =  22

macros:
   e(extended_absvars) : "ID"
            e(absvars) : "ID"
             e(title2) : "Absorbing 1 HDFE group"
          e(dofmethod) : "pairwise clusters continuous"
                e(vce) : "cluster"
            e(vcetype) : "Robust"
              e(title) : "HDFE Linear regression"
          e(indepvars) : "1bn.treated 2bn.treated 1bn.ID 2bn.ID 3bn.ID 4bn..."
             e(depvar) : "lgxq_llm"
       e(marginsnotok) : "Residuals SCore"
           e(footnote) : "reghdfe_footnote"
          e(estat_cmd) : "reghdfe_estat"
            e(predict) : "reghdfe_p"
              e(model) : "ols"
            e(cmdline) : "reghdfe lgxq_llm i.treated i.ID if (regexm(llm_刑.."
                e(cmd) : "reghdfe"
           e(clustvar) : "ID"
             e(title3) : "Statistics robust to heteroskedasticity"
          e(clustvar1) : "ID"
         e(properties) : "b V"

matrices:
                  e(b) :  1 x 26
                  e(V) :  26 x 26
          e(dof_table) :  1 x 5

functions:
             e(sample)   

.          
. 
. 
.              preserve

.              keep if e(sample)
(15 observations deleted)

.              levelsof ID, local(id_list)
0 1 2 3 4 5 6 7 8 9 10 12 13 15 16 17 18 19 20 21 23 26

.              local unique_IDs: word count `id_list' 

.              scalar unique_IDs = `unique_IDs'

.              restore

.          
. /Users/yuki/Desktop/law_ethnics/NOVALite_t0/log/merged_judge_sexual_orientati
> on_NOVALite_t0_15Feb2025_2014.xls
dir : seeout

. 
.              reghdfe lgxq_llm i.treated i.ID if (regexm(llm_刑罚类型, "有期徒
> 刑") | 零刑期 == 1) & llm_刑期 <= 300 & to_drop == 0, absorb(ID) vce(robust)
(MWFE estimator converged in 1 iterations)
note: 1bn.ID is probably collinear with the fixed effects (all partialled-out v
> alues are close to zero; tol = 1.0e-09)
note: 2bn.ID is probably collinear with the fixed effects (all partialled-out v
> alues are close to zero; tol = 1.0e-09)
note: 3bn.ID is probably collinear with the fixed effects (all partialled-out v
> alues are close to zero; tol = 1.0e-09)
note: 4bn.ID is probably collinear with the fixed effects (all partialled-out v
> alues are close to zero; tol = 1.0e-09)
note: 5bn.ID is probably collinear with the fixed effects (all partialled-out v
> alues are close to zero; tol = 1.0e-09)
note: 6bn.ID is probably collinear with the fixed effects (all partialled-out v
> alues are close to zero; tol = 1.0e-09)
note: 7bn.ID is probably collinear with the fixed effects (all partialled-out v
> alues are close to zero; tol = 1.0e-09)
note: 8bn.ID is probably collinear with the fixed effects (all partialled-out v
> alues are close to zero; tol = 1.0e-09)
note: 9bn.ID is probably collinear with the fixed effects (all partialled-out v
> alues are close to zero; tol = 1.0e-09)
note: 10bn.ID is probably collinear with the fixed effects (all partialled-out 
> values are close to zero; tol = 1.0e-09)
note: 12bn.ID is probably collinear with the fixed effects (all partialled-out 
> values are close to zero; tol = 1.0e-09)
note: 13bn.ID is probably collinear with the fixed effects (all partialled-out 
> values are close to zero; tol = 1.0e-09)
note: 15bn.ID is probably collinear with the fixed effects (all partialled-out 
> values are close to zero; tol = 1.0e-09)
note: 16bn.ID is probably collinear with the fixed effects (all partialled-out 
> values are close to zero; tol = 1.0e-09)
note: 17bn.ID is probably collinear with the fixed effects (all partialled-out 
> values are close to zero; tol = 1.0e-09)
note: 18bn.ID is probably collinear with the fixed effects (all partialled-out 
> values are close to zero; tol = 1.0e-09)
note: 19bn.ID is probably collinear with the fixed effects (all partialled-out 
> values are close to zero; tol = 1.0e-09)
note: 20bn.ID is probably collinear with the fixed effects (all partialled-out 
> values are close to zero; tol = 1.0e-09)
note: 21bn.ID is probably collinear with the fixed effects (all partialled-out 
> values are close to zero; tol = 1.0e-09)
note: 22bn.ID is probably collinear with the fixed effects (all partialled-out 
> values are close to zero; tol = 1.0e-09)
note: 23bn.ID is probably collinear with the fixed effects (all partialled-out 
> values are close to zero; tol = 1.0e-09)
note: 24bn.ID is probably collinear with the fixed effects (all partialled-out 
> values are close to zero; tol = 1.0e-09)
note: 25bn.ID is probably collinear with the fixed effects (all partialled-out 
> values are close to zero; tol = 1.0e-09)
note: 26bn.ID is probably collinear with the fixed effects (all partialled-out 
> values are close to zero; tol = 1.0e-09)

HDFE Linear regression                            Number of obs   =         74
Absorbing 1 HDFE group                            F(   2,     47) =       2.10
                                                  Prob > F        =     0.1340
                                                  R-squared       =     0.9742
                                                  Adj R-squared   =     0.9600
                                                  Within R-sq.    =     0.0888
                                                  Root MSE        =     0.1840

------------------------------------------------------------------------------
             |               Robust
    lgxq_llm | Coefficient  std. err.      t    P>|t|     [95% conf. interval]
-------------+----------------------------------------------------------------
     treated |
          1  |  -.0976283   .0554039    -1.76   0.085    -.2090866      .01383
          2  |  -.0014617   .0503687    -0.03   0.977    -.1027905    .0998672
             |
          ID |
          1  |          0  (omitted)
          2  |          0  (omitted)
          3  |          0  (omitted)
          4  |          0  (omitted)
          5  |          0  (omitted)
          6  |          0  (omitted)
          7  |          0  (omitted)
          8  |          0  (omitted)
          9  |          0  (omitted)
         10  |          0  (omitted)
         12  |          0  (omitted)
         13  |          0  (omitted)
         15  |          0  (omitted)
         16  |          0  (omitted)
         17  |          0  (omitted)
         18  |          0  (omitted)
         19  |          0  (omitted)
         20  |          0  (omitted)
         21  |          0  (omitted)
         22  |          0  (omitted)
         23  |          0  (omitted)
         24  |          0  (omitted)
         25  |          0  (omitted)
         26  |          0  (omitted)
             |
       _cons |   4.246082   .0384506   110.43   0.000     4.168729    4.323435
------------------------------------------------------------------------------

Absorbed degrees of freedom:
-----------------------------------------------------+
 Absorbed FE | Categories  - Redundant  = Num. Coefs |
-------------+---------------------------------------|
          ID |        25           0          25     |
-----------------------------------------------------+

.              ereturn list

scalars:
                  e(N) =  74
               e(rank) =  2
               e(df_r) =  47
               e(df_m) =  2
                e(tss) =  61.71136102928899
         e(tss_within) =  1.745872180527915
                e(rss) =  1.590855055800374
                e(mss) =  60.12050597348861
               e(rmse) =  .1839782049881079
                  e(F) =  2.098406945904725
                 e(ll) =  37.07090621414298
               e(ll_0) =  33.63054982617699
                 e(r2) =  .974221034356294
          e(r2_within) =  .0887906494281082
               e(r2_a) =  .9599603299576482
        e(r2_a_within) =  .0500157834463255
         e(sumweights) =  74
                 e(ic) =  1
          e(converged) =  1
    e(report_constant) =  1
             e(N_full) =  74
     e(num_singletons) =  0
    e(drop_singletons) =  1
        e(df_a_nested) =  0
     e(df_a_redundant) =  0
       e(df_a_initial) =  25
               e(df_a) =  25
    e(N_hdfe_extended) =  1
             e(N_hdfe) =  1

macros:
   e(extended_absvars) : "ID"
            e(absvars) : "ID"
             e(title2) : "Absorbing 1 HDFE group"
          e(dofmethod) : "pairwise clusters continuous"
                e(vce) : "robust"
            e(vcetype) : "Robust"
              e(title) : "HDFE Linear regression"
          e(indepvars) : "1bn.treated 2bn.treated 1bn.ID 2bn.ID 3bn.ID 4bn..."
             e(depvar) : "lgxq_llm"
       e(marginsnotok) : "Residuals SCore"
           e(footnote) : "reghdfe_footnote"
          e(estat_cmd) : "reghdfe_estat"
            e(predict) : "reghdfe_p"
              e(model) : "ols"
            e(cmdline) : "reghdfe lgxq_llm i.treated i.ID if (regexm(llm_刑.."
                e(cmd) : "reghdfe"
         e(properties) : "b V"

matrices:
                  e(b) :  1 x 29
                  e(V) :  29 x 29
          e(dof_table) :  1 x 5

functions:
             e(sample)   

.          
. 
. 
.              preserve

.              keep if e(sample)
(6 observations deleted)

.              levelsof ID, local(id_list)
0 1 2 3 4 5 6 7 8 9 10 12 13 15 16 17 18 19 20 21 22 23 24 25 26

.              local unique_IDs: word count `id_list' 

.              scalar unique_IDs = `unique_IDs'

.              restore

.          
. /Users/yuki/Desktop/law_ethnics/NOVALite_t0/log/merged_judge_sexual_orientati
> on_NOVALite_t0_15Feb2025_r.xls
dir : seeout

. 
.              reghdfe lgxq_llm i.treated i.ID if (regexm(llm_刑罚类型, "有期徒
> 刑") | 零刑期 == 1) & llm_刑期 <= 300 & to_drop == 0, absorb(ID) vce(cluster 
> 被告人1罪名1罪名Crime_name)
(MWFE estimator converged in 1 iterations)
note: 1bn.ID is probably collinear with the fixed effects (all partialled-out v
> alues are close to zero; tol = 1.0e-09)
note: 2bn.ID is probably collinear with the fixed effects (all partialled-out v
> alues are close to zero; tol = 1.0e-09)
note: 3bn.ID is probably collinear with the fixed effects (all partialled-out v
> alues are close to zero; tol = 1.0e-09)
note: 4bn.ID is probably collinear with the fixed effects (all partialled-out v
> alues are close to zero; tol = 1.0e-09)
note: 5bn.ID is probably collinear with the fixed effects (all partialled-out v
> alues are close to zero; tol = 1.0e-09)
note: 6bn.ID is probably collinear with the fixed effects (all partialled-out v
> alues are close to zero; tol = 1.0e-09)
note: 7bn.ID is probably collinear with the fixed effects (all partialled-out v
> alues are close to zero; tol = 1.0e-09)
note: 8bn.ID is probably collinear with the fixed effects (all partialled-out v
> alues are close to zero; tol = 1.0e-09)
note: 9bn.ID is probably collinear with the fixed effects (all partialled-out v
> alues are close to zero; tol = 1.0e-09)
note: 10bn.ID is probably collinear with the fixed effects (all partialled-out 
> values are close to zero; tol = 1.0e-09)
note: 12bn.ID is probably collinear with the fixed effects (all partialled-out 
> values are close to zero; tol = 1.0e-09)
note: 13bn.ID is probably collinear with the fixed effects (all partialled-out 
> values are close to zero; tol = 1.0e-09)
note: 15bn.ID is probably collinear with the fixed effects (all partialled-out 
> values are close to zero; tol = 1.0e-09)
note: 16bn.ID is probably collinear with the fixed effects (all partialled-out 
> values are close to zero; tol = 1.0e-09)
note: 17bn.ID is probably collinear with the fixed effects (all partialled-out 
> values are close to zero; tol = 1.0e-09)
note: 18bn.ID is probably collinear with the fixed effects (all partialled-out 
> values are close to zero; tol = 1.0e-09)
note: 19bn.ID is probably collinear with the fixed effects (all partialled-out 
> values are close to zero; tol = 1.0e-09)
note: 20bn.ID is probably collinear with the fixed effects (all partialled-out 
> values are close to zero; tol = 1.0e-09)
note: 21bn.ID is probably collinear with the fixed effects (all partialled-out 
> values are close to zero; tol = 1.0e-09)
note: 22bn.ID is probably collinear with the fixed effects (all partialled-out 
> values are close to zero; tol = 1.0e-09)
note: 23bn.ID is probably collinear with the fixed effects (all partialled-out 
> values are close to zero; tol = 1.0e-09)
note: 24bn.ID is probably collinear with the fixed effects (all partialled-out 
> values are close to zero; tol = 1.0e-09)
note: 25bn.ID is probably collinear with the fixed effects (all partialled-out 
> values are close to zero; tol = 1.0e-09)
note: 26bn.ID is probably collinear with the fixed effects (all partialled-out 
> values are close to zero; tol = 1.0e-09)

HDFE Linear regression                            Number of obs   =         74
Absorbing 1 HDFE group                            F(   2,     15) =       2.42
Statistics robust to heteroskedasticity           Prob > F        =     0.1229
                                                  R-squared       =     0.9742
                                                  Adj R-squared   =     0.9600
                                                  Within R-sq.    =     0.0888
Number of clusters (被告人1罪名1罪名Crime_name) =         16Root MSE=     0.184
> 0

            (Std. err. adjusted for 16 clusters in 被告人1罪名1罪名Crime_name)
------------------------------------------------------------------------------
             |               Robust
    lgxq_llm | Coefficient  std. err.      t    P>|t|     [95% conf. interval]
-------------+----------------------------------------------------------------
     treated |
          1  |  -.0976283   .0530954    -1.84   0.086    -.2107985    .0155419
          2  |  -.0014617   .0483832    -0.03   0.976     -.104588    .1016647
             |
          ID |
          1  |          0  (omitted)
          2  |          0  (omitted)
          3  |          0  (omitted)
          4  |          0  (omitted)
          5  |          0  (omitted)
          6  |          0  (omitted)
          7  |          0  (omitted)
          8  |          0  (omitted)
          9  |          0  (omitted)
         10  |          0  (omitted)
         12  |          0  (omitted)
         13  |          0  (omitted)
         15  |          0  (omitted)
         16  |          0  (omitted)
         17  |          0  (omitted)
         18  |          0  (omitted)
         19  |          0  (omitted)
         20  |          0  (omitted)
         21  |          0  (omitted)
         22  |          0  (omitted)
         23  |          0  (omitted)
         24  |          0  (omitted)
         25  |          0  (omitted)
         26  |          0  (omitted)
             |
       _cons |   4.246082   .0297211   142.86   0.000     4.182733    4.309431
------------------------------------------------------------------------------

Absorbed degrees of freedom:
-----------------------------------------------------+
 Absorbed FE | Categories  - Redundant  = Num. Coefs |
-------------+---------------------------------------|
          ID |        25          25           0    *|
-----------------------------------------------------+
* = FE nested within cluster; treated as redundant for DoF computation

.              ereturn list

scalars:
                  e(N) =  74
               e(rank) =  2
               e(df_r) =  15
               e(df_m) =  2
                e(tss) =  61.71136102928899
         e(tss_within) =  1.745872180527915
                e(rss) =  1.590855055800374
                e(mss) =  60.12050597348861
               e(rmse) =  .1839782049881079
                  e(F) =  2.41881782768587
                 e(ll) =  37.07090621414298
               e(ll_0) =  33.63054982617699
                 e(r2) =  .974221034356294
          e(r2_within) =  .0887906494281082
               e(r2_a) =  .9599603299576482
        e(r2_a_within) =  .0500157834463255
         e(sumweights) =  74
                 e(ic) =  1
          e(converged) =  1
    e(report_constant) =  1
             e(N_full) =  74
     e(num_singletons) =  0
    e(drop_singletons) =  1
        e(df_a_nested) =  25
     e(df_a_redundant) =  25
       e(df_a_initial) =  25
               e(df_a) =  0
    e(N_hdfe_extended) =  1
             e(N_hdfe) =  1
           e(N_clust1) =  16
      e(N_clustervars) =  1
            e(N_clust) =  16

macros:
   e(extended_absvars) : "ID"
            e(absvars) : "ID"
             e(title2) : "Absorbing 1 HDFE group"
          e(dofmethod) : "pairwise clusters continuous"
                e(vce) : "cluster"
            e(vcetype) : "Robust"
              e(title) : "HDFE Linear regression"
          e(indepvars) : "1bn.treated 2bn.treated 1bn.ID 2bn.ID 3bn.ID 4bn..."
             e(depvar) : "lgxq_llm"
       e(marginsnotok) : "Residuals SCore"
           e(footnote) : "reghdfe_footnote"
          e(estat_cmd) : "reghdfe_estat"
            e(predict) : "reghdfe_p"
              e(model) : "ols"
            e(cmdline) : "reghdfe lgxq_llm i.treated i.ID if (regexm(llm_刑.."
                e(cmd) : "reghdfe"
           e(clustvar) : "被告人1罪名1罪名Crime_name"
             e(title3) : "Statistics robust to heteroskedasticity"
          e(clustvar1) : "被告人1罪名1罪名Crime_name"
         e(properties) : "b V"

matrices:
                  e(b) :  1 x 29
                  e(V) :  29 x 29
          e(dof_table) :  1 x 5

functions:
             e(sample)   

.          
. 
. 
.              preserve

.              keep if e(sample)
(6 observations deleted)

.              levelsof ID, local(id_list)
0 1 2 3 4 5 6 7 8 9 10 12 13 15 16 17 18 19 20 21 22 23 24 25 26

.              local unique_IDs: word count `id_list' 

.              scalar unique_IDs = `unique_IDs'

.              restore

.          
. /Users/yuki/Desktop/law_ethnics/NOVALite_t0/log/merged_judge_sexual_orientati
> on_NOVALite_t0_15Feb2025_crime.xls
dir : seeout

. 
.                 //原来的主回归
.                 reghdfe lgxq_llm i.treated i.ID if (regexm(llm_刑罚类型, "有
> 期徒刑") | 零刑期 == 1) & llm_刑期 <= 300, absorb(ID) vce(cluster ID)
(MWFE estimator converged in 1 iterations)
note: 1bn.ID is probably collinear with the fixed effects (all partialled-out v
> alues are close to zero; tol = 1.0e-09)
note: 2bn.ID is probably collinear with the fixed effects (all partialled-out v
> alues are close to zero; tol = 1.0e-09)
note: 3bn.ID is probably collinear with the fixed effects (all partialled-out v
> alues are close to zero; tol = 1.0e-09)
note: 4bn.ID is probably collinear with the fixed effects (all partialled-out v
> alues are close to zero; tol = 1.0e-09)
note: 5bn.ID is probably collinear with the fixed effects (all partialled-out v
> alues are close to zero; tol = 1.0e-09)
note: 6bn.ID is probably collinear with the fixed effects (all partialled-out v
> alues are close to zero; tol = 1.0e-09)
note: 7bn.ID is probably collinear with the fixed effects (all partialled-out v
> alues are close to zero; tol = 1.0e-09)
note: 8bn.ID is probably collinear with the fixed effects (all partialled-out v
> alues are close to zero; tol = 1.0e-09)
note: 9bn.ID is probably collinear with the fixed effects (all partialled-out v
> alues are close to zero; tol = 1.0e-09)
note: 10bn.ID is probably collinear with the fixed effects (all partialled-out 
> values are close to zero; tol = 1.0e-09)
note: 11bn.ID is probably collinear with the fixed effects (all partialled-out 
> values are close to zero; tol = 1.0e-09)
note: 12bn.ID is probably collinear with the fixed effects (all partialled-out 
> values are close to zero; tol = 1.0e-09)
note: 13bn.ID is probably collinear with the fixed effects (all partialled-out 
> values are close to zero; tol = 1.0e-09)
note: 15bn.ID is probably collinear with the fixed effects (all partialled-out 
> values are close to zero; tol = 1.0e-09)
note: 16bn.ID is probably collinear with the fixed effects (all partialled-out 
> values are close to zero; tol = 1.0e-09)
note: 17bn.ID is probably collinear with the fixed effects (all partialled-out 
> values are close to zero; tol = 1.0e-09)
note: 18bn.ID is probably collinear with the fixed effects (all partialled-out 
> values are close to zero; tol = 1.0e-09)
note: 19bn.ID is probably collinear with the fixed effects (all partialled-out 
> values are close to zero; tol = 1.0e-09)
note: 20bn.ID is probably collinear with the fixed effects (all partialled-out 
> values are close to zero; tol = 1.0e-09)
note: 21bn.ID is probably collinear with the fixed effects (all partialled-out 
> values are close to zero; tol = 1.0e-09)
note: 22bn.ID is probably collinear with the fixed effects (all partialled-out 
> values are close to zero; tol = 1.0e-09)
note: 23bn.ID is probably collinear with the fixed effects (all partialled-out 
> values are close to zero; tol = 1.0e-09)
note: 24bn.ID is probably collinear with the fixed effects (all partialled-out 
> values are close to zero; tol = 1.0e-09)
note: 25bn.ID is probably collinear with the fixed effects (all partialled-out 
> values are close to zero; tol = 1.0e-09)
note: 26bn.ID is probably collinear with the fixed effects (all partialled-out 
> values are close to zero; tol = 1.0e-09)

HDFE Linear regression                            Number of obs   =         77
Absorbing 1 HDFE group                            F(   2,     25) =       1.93
Statistics robust to heteroskedasticity           Prob > F        =     0.1655
                                                  R-squared       =     0.9741
                                                  Adj R-squared   =     0.9599
                                                  Within R-sq.    =     0.0853
Number of clusters (ID)      =         26         Root MSE        =     0.1805

                                    (Std. err. adjusted for 26 clusters in ID)
------------------------------------------------------------------------------
             |               Robust
    lgxq_llm | Coefficient  std. err.      t    P>|t|     [95% conf. interval]
-------------+----------------------------------------------------------------
     treated |
          1  |  -.0938733   .0572427    -1.64   0.114    -.2117669    .0240202
          2  |  -.0014783    .045839    -0.03   0.975    -.0958855    .0929289
             |
          ID |
          1  |          0  (omitted)
          2  |          0  (omitted)
          3  |          0  (omitted)
          4  |          0  (omitted)
          5  |          0  (omitted)
          6  |          0  (omitted)
          7  |          0  (omitted)
          8  |          0  (omitted)
          9  |          0  (omitted)
         10  |          0  (omitted)
         11  |          0  (omitted)
         12  |          0  (omitted)
         13  |          0  (omitted)
         15  |          0  (omitted)
         16  |          0  (omitted)
         17  |          0  (omitted)
         18  |          0  (omitted)
         19  |          0  (omitted)
         20  |          0  (omitted)
         21  |          0  (omitted)
         22  |          0  (omitted)
         23  |          0  (omitted)
         24  |          0  (omitted)
         25  |          0  (omitted)
         26  |          0  (omitted)
             |
       _cons |   4.240839   .0303429   139.76   0.000     4.178346    4.303331
------------------------------------------------------------------------------

Absorbed degrees of freedom:
-----------------------------------------------------+
 Absorbed FE | Categories  - Redundant  = Num. Coefs |
-------------+---------------------------------------|
          ID |        26          26           0    *|
-----------------------------------------------------+
* = FE nested within cluster; treated as redundant for DoF computation

.              ereturn list

scalars:
                  e(N) =  77
               e(rank) =  2
               e(df_r) =  25
               e(df_m) =  2
                e(tss) =  61.74121112807395
         e(tss_within) =  1.745872180527917
                e(rss) =  1.596872446927781
                e(mss) =  60.14433868114617
               e(rmse) =  .1805248836331741
                  e(F) =  1.934971729663671
                 e(ll) =  39.95843235339584
               e(ll_0) =  36.52395314781205
                 e(r2) =  .9741360362430326
          e(r2_within) =  .0853440104390011
               e(r2_a) =  .9598844643769484
        e(r2_a_within) =  .0480111129058991
         e(sumweights) =  77
                 e(ic) =  1
          e(converged) =  1
    e(report_constant) =  1
             e(N_full) =  77
     e(num_singletons) =  0
    e(drop_singletons) =  1
        e(df_a_nested) =  26
     e(df_a_redundant) =  26
       e(df_a_initial) =  26
               e(df_a) =  0
    e(N_hdfe_extended) =  1
             e(N_hdfe) =  1
           e(N_clust1) =  26
      e(N_clustervars) =  1
            e(N_clust) =  26

macros:
   e(extended_absvars) : "ID"
            e(absvars) : "ID"
             e(title2) : "Absorbing 1 HDFE group"
          e(dofmethod) : "pairwise clusters continuous"
                e(vce) : "cluster"
            e(vcetype) : "Robust"
              e(title) : "HDFE Linear regression"
          e(indepvars) : "1bn.treated 2bn.treated 1bn.ID 2bn.ID 3bn.ID 4bn..."
             e(depvar) : "lgxq_llm"
       e(marginsnotok) : "Residuals SCore"
           e(footnote) : "reghdfe_footnote"
          e(estat_cmd) : "reghdfe_estat"
            e(predict) : "reghdfe_p"
              e(model) : "ols"
            e(cmdline) : "reghdfe lgxq_llm i.treated i.ID if (regexm(llm_刑.."
                e(cmd) : "reghdfe"
           e(clustvar) : "ID"
             e(title3) : "Statistics robust to heteroskedasticity"
          e(clustvar1) : "ID"
         e(properties) : "b V"

matrices:
                  e(b) :  1 x 30
                  e(V) :  30 x 30
          e(dof_table) :  1 x 5

functions:
             e(sample)   

.          
. 
. 
.              preserve

.              keep if e(sample)
(3 observations deleted)

.              levelsof ID, local(id_list)
0 1 2 3 4 5 6 7 8 9 10 11 12 13 15 16 17 18 19 20 21 22 23 24 25 26

.              local unique_IDs: word count `id_list' 

.              scalar unique_IDs = `unique_IDs'

.              restore

.          
. /Users/yuki/Desktop/law_ethnics/NOVALite_t0/log/merged_judge_sexual_orientati
> on_NOVALite_t0_15Feb2025_ori.xls
dir : seeout

. 
.                 // 从 true_answer 提取刑期
.                 gen sentence_text = regexs(1) if regexm(true_answer, "'刑期'\
> s*[:：]\s*(\d+)")
(3 missing values generated)

.                 gen real_sentence = real(sentence_text)  // 转换为数值
(3 missing values generated)

.             
.                 // 计算 MAE
.                 gen absolute_error = abs(real_sentence - llm_刑期)
(6 missing values generated)

.                 // Create a new variable based on the regexm condition
.                 gen condition = regexm(llm_刑罚类型, "有期徒刑") | 零刑期 == 
> 1

.                 summarize absolute_error if condition & llm_刑期 <= 300 & to_
> drop == 0

    Variable |        Obs        Mean    Std. dev.       Min        Max
-------------+---------------------------------------------------------
absolute_e~r |         71          60    47.50278          0        180

.                 di "Mean Absolute Error (MAE): " r(mean)
Mean Absolute Error (MAE): 60

.         
. 
. 
.                  // 计算 MAPE
.                 gen percentage_error = abs((real_sentence - llm_刑期) / real_
> sentence) * 100 if real_sentence > 0
(20 missing values generated)

.                 // Create a new variable based on the regexm condition
.                 gen condition1 = regexm(llm_刑罚类型, "有期徒刑") | 零刑期 ==
>  1

.                 // Now, use the new variable in the summarize command
.                 summarize percentage_error if condition1 & llm_刑期 <= 300 & 
> to_drop == 0

    Variable |        Obs        Mean    Std. dev.       Min        Max
-------------+---------------------------------------------------------
percentage~r |         57    249.0762    364.4108          0   1614.286

. 
.                 di "Mean Absolute Percentage Error (MAPE): " r(mean)
Mean Absolute Percentage Error (MAPE): 249.07622

.         
. 
. 
.                 gen sentence_inaccuracy = abs(real_sentence - llm_刑期)
(6 missing values generated)

.                 reghdfe sentence_inaccuracy i.treated i.ID if (regexm(llm_刑
> 罚类型, "有期徒刑") | 零刑期 == 1) & llm_刑期 <= 300 & to_drop == 0, absorb(I
> D) vce(cluster ID)
(MWFE estimator converged in 1 iterations)
note: 1bn.ID is probably collinear with the fixed effects (all partialled-out v
> alues are close to zero; tol = 1.0e-09)
note: 2bn.ID is probably collinear with the fixed effects (all partialled-out v
> alues are close to zero; tol = 1.0e-09)
note: 3bn.ID is probably collinear with the fixed effects (all partialled-out v
> alues are close to zero; tol = 1.0e-09)
note: 4bn.ID is probably collinear with the fixed effects (all partialled-out v
> alues are close to zero; tol = 1.0e-09)
note: 5bn.ID is probably collinear with the fixed effects (all partialled-out v
> alues are close to zero; tol = 1.0e-09)
note: 6bn.ID is probably collinear with the fixed effects (all partialled-out v
> alues are close to zero; tol = 1.0e-09)
note: 7bn.ID is probably collinear with the fixed effects (all partialled-out v
> alues are close to zero; tol = 1.0e-09)
note: 8bn.ID is probably collinear with the fixed effects (all partialled-out v
> alues are close to zero; tol = 1.0e-09)
note: 9bn.ID is probably collinear with the fixed effects (all partialled-out v
> alues are close to zero; tol = 1.0e-09)
note: 10bn.ID is probably collinear with the fixed effects (all partialled-out 
> values are close to zero; tol = 1.0e-09)
note: 12bn.ID is probably collinear with the fixed effects (all partialled-out 
> values are close to zero; tol = 1.0e-09)
note: 13bn.ID is probably collinear with the fixed effects (all partialled-out 
> values are close to zero; tol = 1.0e-09)
note: 15bn.ID is probably collinear with the fixed effects (all partialled-out 
> values are close to zero; tol = 1.0e-09)
note: 16bn.ID is probably collinear with the fixed effects (all partialled-out 
> values are close to zero; tol = 1.0e-09)
note: 18bn.ID is probably collinear with the fixed effects (all partialled-out 
> values are close to zero; tol = 1.0e-09)
note: 19bn.ID is probably collinear with the fixed effects (all partialled-out 
> values are close to zero; tol = 1.0e-09)
note: 20bn.ID is probably collinear with the fixed effects (all partialled-out 
> values are close to zero; tol = 1.0e-09)
note: 21bn.ID is probably collinear with the fixed effects (all partialled-out 
> values are close to zero; tol = 1.0e-09)
note: 22bn.ID is probably collinear with the fixed effects (all partialled-out 
> values are close to zero; tol = 1.0e-09)
note: 23bn.ID is probably collinear with the fixed effects (all partialled-out 
> values are close to zero; tol = 1.0e-09)
note: 24bn.ID is probably collinear with the fixed effects (all partialled-out 
> values are close to zero; tol = 1.0e-09)
note: 25bn.ID is probably collinear with the fixed effects (all partialled-out 
> values are close to zero; tol = 1.0e-09)
note: 26bn.ID is probably collinear with the fixed effects (all partialled-out 
> values are close to zero; tol = 1.0e-09)

HDFE Linear regression                            Number of obs   =         71
Absorbing 1 HDFE group                            F(   2,     23) =       1.70
Statistics robust to heteroskedasticity           Prob > F        =     0.2040
                                                  R-squared       =     0.9295
                                                  Adj R-squared   =     0.8904
                                                  Within R-sq.    =     0.0647
Number of clusters (ID)      =         24         Root MSE        =    15.7296

                                    (Std. err. adjusted for 24 clusters in ID)
------------------------------------------------------------------------------
             |               Robust
sentence_i~y | Coefficient  std. err.      t    P>|t|     [95% conf. interval]
-------------+----------------------------------------------------------------
     treated |
          1  |         -6   4.970501    -1.21   0.240    -16.28227    4.282265
          2  |   1.695652   4.667892     0.36   0.720    -7.960619    11.35192
             |
          ID |
          1  |          0  (omitted)
          2  |          0  (omitted)
          3  |          0  (omitted)
          4  |          0  (omitted)
          5  |          0  (omitted)
          6  |          0  (omitted)
          7  |          0  (omitted)
          8  |          0  (omitted)
          9  |          0  (omitted)
         10  |          0  (omitted)
         12  |          0  (omitted)
         13  |          0  (omitted)
         15  |          0  (omitted)
         16  |          0  (omitted)
         18  |          0  (omitted)
         19  |          0  (omitted)
         20  |          0  (omitted)
         21  |          0  (omitted)
         22  |          0  (omitted)
         23  |          0  (omitted)
         24  |          0  (omitted)
         25  |          0  (omitted)
         26  |          0  (omitted)
             |
       _cons |   61.47887    2.86806    21.44   0.000     55.54584    67.41191
------------------------------------------------------------------------------

Absorbed degrees of freedom:
-----------------------------------------------------+
 Absorbed FE | Categories  - Redundant  = Num. Coefs |
-------------+---------------------------------------|
          ID |        24          24           0    *|
-----------------------------------------------------+
* = FE nested within cluster; treated as redundant for DoF computation

.                 ereturn list

scalars:
                  e(N) =  71
               e(rank) =  2
               e(df_r) =  23
               e(df_m) =  2
                e(tss) =  157956
         e(tss_within) =  11904
                e(rss) =  11133.91304347826
                e(mss) =  146822.0869565217
               e(rmse) =  15.72959916383989
                  e(F) =  1.704589081668462
                 e(ll) =  -280.1996592569332
               e(ll_0) =  -282.5738565986521
                 e(r2) =  .9295125665154963
          e(r2_within) =  .0646914446002804
               e(r2_a) =  .8903528812463276
        e(r2_a_within) =  .0231221754714039
         e(sumweights) =  71
                 e(ic) =  1
          e(converged) =  1
    e(report_constant) =  1
             e(N_full) =  71
     e(num_singletons) =  0
    e(drop_singletons) =  1
        e(df_a_nested) =  24
     e(df_a_redundant) =  24
       e(df_a_initial) =  24
               e(df_a) =  0
    e(N_hdfe_extended) =  1
             e(N_hdfe) =  1
           e(N_clust1) =  24
      e(N_clustervars) =  1
            e(N_clust) =  24

macros:
   e(extended_absvars) : "ID"
            e(absvars) : "ID"
             e(title2) : "Absorbing 1 HDFE group"
          e(dofmethod) : "pairwise clusters continuous"
                e(vce) : "cluster"
            e(vcetype) : "Robust"
              e(title) : "HDFE Linear regression"
          e(indepvars) : "1bn.treated 2bn.treated 1bn.ID 2bn.ID 3bn.ID 4bn..."
             e(depvar) : "sentence_inaccuracy"
       e(marginsnotok) : "Residuals SCore"
           e(footnote) : "reghdfe_footnote"
          e(estat_cmd) : "reghdfe_estat"
            e(predict) : "reghdfe_p"
              e(model) : "ols"
            e(cmdline) : "reghdfe sentence_inaccuracy i.treated i.ID if (re.."
                e(cmd) : "reghdfe"
           e(clustvar) : "ID"
             e(title3) : "Statistics robust to heteroskedasticity"
          e(clustvar1) : "ID"
         e(properties) : "b V"

matrices:
                  e(b) :  1 x 28
                  e(V) :  28 x 28
          e(dof_table) :  1 x 5

functions:
             e(sample)   

.             
. 
. 
.                 preserve

.                 keep if e(sample)
(9 observations deleted)

.                 levelsof ID, local(id_list)
0 1 2 3 4 5 6 7 8 9 10 12 13 15 16 18 19 20 21 22 23 24 25 26

.                 local unique_IDs: word count `id_list' 

.                 scalar unique_IDs = `unique_IDs'

.                 restore

.             
. /Users/yuki/Desktop/law_ethnics/NOVALite_t0/log/merged_judge_sexual_orientati
> on_NOVALite_t0_15Feb2025_inaccuracy.xls
dir : seeout

. 
.     // 进行删除样本的回归分析
.         reghdfe llm_刑期 i.treated i.ID if (regexm(llm_刑罚类型, "有期徒刑") 
> | 零刑期 == 1) & llm_刑期 <= 300 & to_drop == 1, absorb(ID) vce(cluster ID)
(MWFE estimator converged in 1 iterations)
warning: dependent variable llm_刑期 is likely perfectly explained by the fixed
>  effects (tol = 1.0e-09)
note: 11bn.ID is probably collinear with the fixed effects (all partialled-out 
> values are close to zero; tol = 1.0e-09)
warning: missing F statistic

HDFE Linear regression                            Number of obs   =          3
Absorbing 1 HDFE group                            F(   2,      0) =          .
Statistics robust to heteroskedasticity           Prob > F        =          .
                                                  Root MSE        =     0.0000
Number of clusters (ID)      =          1

                                     (Std. err. adjusted for 1 clusters in ID)
------------------------------------------------------------------------------
             |               Robust
    llm_刑期 | Coefficient  std. err.      t    P>|t|     [95% conf. interval]
-------------+----------------------------------------------------------------
     treated |
          1  |          0  (omitted)
          2  |          0  (omitted)
             |
       11.ID |          0  (omitted)
       _cons |         60          .        .       .            .           .
------------------------------------------------------------------------------

Absorbed degrees of freedom:
-----------------------------------------------------+
 Absorbed FE | Categories  - Redundant  = Num. Coefs |
-------------+---------------------------------------|
          ID |         1           1           0    *|
-----------------------------------------------------+
* = FE nested within cluster; treated as redundant for DoF computation

.         ereturn list

scalars:
                  e(N) =  3
               e(rank) =  2
               e(df_r) =  0
               e(df_m) =  2
                e(tss) =  0
         e(tss_within) =  0
                e(rss) =  0
                e(mss) =  0
               e(rmse) =  0
                  e(F) =  .
                 e(ll) =  .
               e(ll_0) =  .
                 e(r2) =  .
          e(r2_within) =  .
               e(r2_a) =  .
        e(r2_a_within) =  .
         e(sumweights) =  3
                 e(ic) =  1
          e(converged) =  1
    e(report_constant) =  1
             e(N_full) =  3
     e(num_singletons) =  0
    e(drop_singletons) =  1
        e(df_a_nested) =  1
     e(df_a_redundant) =  1
       e(df_a_initial) =  1
               e(df_a) =  0
    e(N_hdfe_extended) =  1
             e(N_hdfe) =  1
           e(N_clust1) =  1
      e(N_clustervars) =  1
            e(N_clust) =  1

macros:
   e(extended_absvars) : "ID"
            e(absvars) : "ID"
             e(title2) : "Absorbing 1 HDFE group"
          e(dofmethod) : "pairwise clusters continuous"
                e(vce) : "cluster"
            e(vcetype) : "Robust"
              e(title) : "HDFE Linear regression"
          e(indepvars) : "1bn.treated 2bn.treated 11bn.ID _cons"
             e(depvar) : "llm_刑期"
       e(marginsnotok) : "Residuals SCore"
           e(footnote) : "reghdfe_footnote"
          e(estat_cmd) : "reghdfe_estat"
            e(predict) : "reghdfe_p"
              e(model) : "ols"
            e(cmdline) : "reghdfe llm_刑期 i.treated i.ID if (regexm(llm_刑.."
                e(cmd) : "reghdfe"
           e(clustvar) : "ID"
             e(title3) : "Statistics robust to heteroskedasticity"
          e(clustvar1) : "ID"
         e(properties) : "b V"

matrices:
                  e(b) :  1 x 5
                  e(V) :  5 x 5
          e(dof_table) :  1 x 5

functions:
             e(sample)   

.     
. 
. 
.         preserve

.         keep if e(sample)
(77 observations deleted)

.         levelsof ID, local(id_list)
11

.         local unique_IDs: word count `id_list' 

.         scalar unique_IDs = `unique_IDs'

.         restore

.     
. /Users/yuki/Desktop/law_ethnics/NOVALite_t0/log/merged_judge_sexual_orientati
> on_NOVALite_t0_15Feb2025_drop_sample_regression.xls
dir : seeout
      name:  <unnamed>
       log:  /Users/yuki/Desktop/law_ethnics/NOVALite_t0/log/merged_judge_sexua
> l_orientation_NOVALite_t0_15Feb2025.log
  log type:  text
 closed on:  15 Feb 2025, 17:41:34
-------------------------------------------------------------------------------
