-------------------------------------------------------------------------------
      name:  <unnamed>
       log:  /Users/yuki/Desktop/law_ethnics/NOVALite_t0/log/merged_defender_po
> litical_background_NOVALite_t0_15Feb2025.log
  log type:  text
 opened on:  15 Feb 2025, 17:19:08

.             cap set processors 2

. 
.             import excel "/Users/yuki/Desktop/law_ethnics/NOVALite_t0/merged/
> merged_defender_political_background_NOVALite_t0.xlsx", sheet("Sheet1") first
> row clear
(2,207 vars, 80 obs)

. 
.             gen treated = 0

. 
. 
.             replace treated = 1 if label_value == "党员"
(27 real changes made)

.             replace treated = 2 if label_value == "民主党派"
(27 real changes made)

.             
. 
. 
. // 清理 llm_刑期 的不必要的字符串值
. capture replace llm_刑期 = "30" if llm_刑期 == "30个月"

. capture replace llm_刑期 = "240" if llm_刑期 == "二十年"

. capture replace llm_刑期 = "180" if llm_刑期 == "十五年"

. capture replace llm_刑期 = "250" if llm_刑期 == "250个月"

. capture replace llm_刑期 = "2" if llm_刑期 == "2个月"

. capture replace llm_刑期 = "180" if llm_刑期 == "有期徒刑+180个月"

. capture replace llm_刑期 = "300" if llm_刑期 == "数罪并罚,有期徒刑二十五年"

. capture replace llm_刑期 = "36" if llm_刑期 == "36个月"

. capture replace llm_刑期 = "30" if llm_刑期 == "30个月"

. capture replace llm_刑期 = "180" if llm_刑期 == "十五年"

. capture replace llm_刑期 = "250" if llm_刑期 == "250个月"

. capture replace llm_刑期 = "272" if llm_刑期 == "272个月"

. capture replace llm_刑期 = "300" if llm_刑期 == "二十五年"

. capture replace llm_刑期 = "300" if llm_刑期 == "数罪并罚,有期徒刑二十五年"

. capture replace llm_刑期 = "360" if llm_刑期 == "30年"

. capture replace llm_刑期 = "240" if llm_刑期 == "20年"

. capture replace llm_刑期 = "300" if llm_刑期 == "25年"

. capture replace llm_刑期 = "240" if llm_刑期 == "二十年"

. capture replace llm_刑期 = "300" if llm_刑期 == "有期徒刑25年"

. capture replace llm_刑期 = "180" if llm_刑期 == "15年"

. 
. // 清理 llm_刑罚类型
. capture replace llm_刑罚类型 = "无期徒刑" if llm_刑期 == "终身监禁"

. capture replace llm_刑期 = "" if llm_刑期 == "终身监禁"

. capture replace llm_刑期 = "250" if llm_刑期 == "250个月"

. capture replace llm_刑期 = "2" if llm_刑期 == "2个月"

. capture replace llm_刑期 = "180" if llm_刑期 == "有期徒刑+180个月"

. capture replace llm_刑期 = "300" if llm_刑期 == "数罪并罚,有期徒刑二十五年"

. capture replace llm_刑期 = "2" if llm_刑期 == "2个月"

. 
. // 清理非法字符和空格
. capture replace llm_刑期 = trim(llm_刑期)  // 去掉前后空格

. capture replace llm_刑期 = subinstr(llm_刑期, char(160), "", .)  // 去除不可
> 见字符

. capture replace llm_刑期 = subinstr(llm_刑期, char(9), "", .)  // 去除制表符

. capture replace llm_刑期 = "." if llm_刑期 == "" 

. destring llm_刑期, replace force
llm_刑期 already numeric; no replace

. 
. // 将 "无罪" 或其他特殊情况的刑期设为0
. capture replace llm_刑期 = 0 if regexm(llm_刑罚类型, "无罪") 

. capture replace llm_刑期 = 0 if regexm(llm_是否有罪, "否")

. capture replace llm_刑期 = 0 if regexm(llm_是否有罪, "无罪")

. capture replace llm_刑期 = 0 if regexm(llm_刑罚类型, "免予刑事处罚") 

. capture replace llm_刑期 = 0 if regexm(llm_刑罚类型, "免于刑事处罚")

. capture replace llm_刑罚类型 = "有期徒刑" if regexm(llm_刑罚类型, "数罪并罚")
>  & !missing(llm_刑期)

. 
. // 根据关键词进行匹配并设置零刑期为1
. gen 零刑期 = 0  

. // 使用 destring 将 llm_刑期 转换为数值型
. destring llm_刑期, replace force
llm_刑期 already numeric; no replace

. 
. // 现在变量 llm_刑期 已经是数值型，可以使用 real() 或进行计算
. gen llm_刑期_num = llm_刑期
(3 missing values generated)

. 
. capture replace 零刑期 = 1 if regexm(llm_是否有罪, "否|无罪") | ///
>                         regexm(llm_刑罚类型, "无罪|免予刑事处罚|免于刑事处罚"
> ) | ///
>                         regexm(llm_罪名, "无罪") | ///
>                         llm_刑期_num == 0

. 
. // 当零刑期为1时，将llm_刑期、lgxq_llm、lgxq_llm_full的值设置为0
. replace llm_刑期 = 0 if 零刑期 == 1
(0 real changes made)

. 
. 
. // 处理其他刑期逻辑
. gen lgxq_llm = log(llm_刑期 + 1)
(3 missing values generated)

. gen llm_刑期_full = llm_刑期
(3 missing values generated)

. gen fajin = 0

. replace fajin = 1 if strpos(llm_刑罚类型, "罚金") > 0
(0 real changes made)

. replace lgxq_llm = 0 if 零刑期 == 1
(0 real changes made)

. 
. 
. replace llm_刑期_full = 600 if regexm(llm_刑罚类型, "死刑") 
(0 real changes made)

. replace llm_刑期_full = 400 if regexm(llm_刑罚类型, "死刑") & regexm(llm_刑罚
> 类型, "缓")
(0 real changes made)

. replace llm_刑期_full = 300 if regexm(llm_刑罚类型, "无期徒刑") 
(0 real changes made)

. replace llm_刑期_full = 0 if fajin == 1
(0 real changes made)

. replace llm_刑期_full = llm_刑期/2 if regexm(llm_刑罚类型, "管制") 
(0 real changes made)

. gen lgxq_llm_full = log(llm_刑期_full + 1)
(3 missing values generated)

. replace lgxq_llm_full = 0 if 零刑期 == 1
(0 real changes made)

. 
.             gen to_drop = 0

.             
. 
. 
.                       reghdfe lgxq_llm i.treated i.ID if (regexm(llm_刑罚类型
> , "有期徒刑") | 零刑期 == 1) & llm_刑期 <= 300 & to_drop == 0, absorb(ID) vce
> (cluster ID)
(MWFE estimator converged in 1 iterations)
note: 1bn.ID is probably collinear with the fixed effects (all partialled-out v
> alues are close to zero; tol = 1.0e-09)
note: 2bn.ID is probably collinear with the fixed effects (all partialled-out v
> alues are close to zero; tol = 1.0e-09)
note: 3bn.ID is probably collinear with the fixed effects (all partialled-out v
> alues are close to zero; tol = 1.0e-09)
note: 4bn.ID is probably collinear with the fixed effects (all partialled-out v
> alues are close to zero; tol = 1.0e-09)
note: 5bn.ID is probably collinear with the fixed effects (all partialled-out v
> alues are close to zero; tol = 1.0e-09)
note: 6bn.ID is probably collinear with the fixed effects (all partialled-out v
> alues are close to zero; tol = 1.0e-09)
note: 7bn.ID is probably collinear with the fixed effects (all partialled-out v
> alues are close to zero; tol = 1.0e-09)
note: 8bn.ID is probably collinear with the fixed effects (all partialled-out v
> alues are close to zero; tol = 1.0e-09)
note: 9bn.ID is probably collinear with the fixed effects (all partialled-out v
> alues are close to zero; tol = 1.0e-09)
note: 10bn.ID is probably collinear with the fixed effects (all partialled-out 
> values are close to zero; tol = 1.0e-09)
note: 11bn.ID is probably collinear with the fixed effects (all partialled-out 
> values are close to zero; tol = 1.0e-09)
note: 12bn.ID is probably collinear with the fixed effects (all partialled-out 
> values are close to zero; tol = 1.0e-09)
note: 13bn.ID is probably collinear with the fixed effects (all partialled-out 
> values are close to zero; tol = 1.0e-09)
note: 15bn.ID is probably collinear with the fixed effects (all partialled-out 
> values are close to zero; tol = 1.0e-09)
note: 16bn.ID is probably collinear with the fixed effects (all partialled-out 
> values are close to zero; tol = 1.0e-09)
note: 17bn.ID is probably collinear with the fixed effects (all partialled-out 
> values are close to zero; tol = 1.0e-09)
note: 18bn.ID is probably collinear with the fixed effects (all partialled-out 
> values are close to zero; tol = 1.0e-09)
note: 19bn.ID is probably collinear with the fixed effects (all partialled-out 
> values are close to zero; tol = 1.0e-09)
note: 20bn.ID is probably collinear with the fixed effects (all partialled-out 
> values are close to zero; tol = 1.0e-09)
note: 21bn.ID is probably collinear with the fixed effects (all partialled-out 
> values are close to zero; tol = 1.0e-09)
note: 22bn.ID is probably collinear with the fixed effects (all partialled-out 
> values are close to zero; tol = 1.0e-09)
note: 23bn.ID is probably collinear with the fixed effects (all partialled-out 
> values are close to zero; tol = 1.0e-09)
note: 24bn.ID is probably collinear with the fixed effects (all partialled-out 
> values are close to zero; tol = 1.0e-09)
note: 25bn.ID is probably collinear with the fixed effects (all partialled-out 
> values are close to zero; tol = 1.0e-09)
note: 26bn.ID is probably collinear with the fixed effects (all partialled-out 
> values are close to zero; tol = 1.0e-09)

HDFE Linear regression                            Number of obs   =         77
Absorbing 1 HDFE group                            F(   2,     25) =       0.49
Statistics robust to heteroskedasticity           Prob > F        =     0.6170
                                                  R-squared       =     0.9815
                                                  Adj R-squared   =     0.9714
                                                  Within R-sq.    =     0.0086
Number of clusters (ID)      =         26         Root MSE        =     0.1559

                                    (Std. err. adjusted for 26 clusters in ID)
------------------------------------------------------------------------------
             |               Robust
    lgxq_llm | Coefficient  std. err.      t    P>|t|     [95% conf. interval]
-------------+----------------------------------------------------------------
     treated |
          1  |  -.0220512   .0550213    -0.40   0.692    -.1353698    .0912674
          2  |   .0042918   .0477124     0.09   0.929    -.0939737    .1025573
             |
          ID |
          1  |          0  (omitted)
          2  |          0  (omitted)
          3  |          0  (omitted)
          4  |          0  (omitted)
          5  |          0  (omitted)
          6  |          0  (omitted)
          7  |          0  (omitted)
          8  |          0  (omitted)
          9  |          0  (omitted)
         10  |          0  (omitted)
         11  |          0  (omitted)
         12  |          0  (omitted)
         13  |          0  (omitted)
         15  |          0  (omitted)
         16  |          0  (omitted)
         17  |          0  (omitted)
         18  |          0  (omitted)
         19  |          0  (omitted)
         20  |          0  (omitted)
         21  |          0  (omitted)
         22  |          0  (omitted)
         23  |          0  (omitted)
         24  |          0  (omitted)
         25  |          0  (omitted)
         26  |          0  (omitted)
             |
       _cons |   4.136309   .0335884   123.15   0.000     4.067133    4.205486
------------------------------------------------------------------------------

Absorbed degrees of freedom:
-----------------------------------------------------+
 Absorbed FE | Categories  - Redundant  = Num. Coefs |
-------------+---------------------------------------|
          ID |        26          26           0    *|
-----------------------------------------------------+
* = FE nested within cluster; treated as redundant for DoF computation

.                      ereturn list

scalars:
                  e(N) =  77
               e(rank) =  2
               e(df_r) =  25
               e(df_m) =  2
                e(tss) =  64.51978687262942
         e(tss_within) =  1.200868051289262
                e(rss) =  1.190532532611494
                e(mss) =  63.32925434001793
               e(rmse) =  .1558736100120664
                  e(F) =  .4923281127297225
                 e(ll) =  51.26381421799374
               e(ll_0) =  50.93102183732507
                 e(r2) =  .9815477919206125
          e(r2_within) =  .0086067063460232
               e(r2_a) =  .9713802486931948
        e(r2_a_within) =  -.0318583260480167
         e(sumweights) =  77
                 e(ic) =  1
          e(converged) =  1
    e(report_constant) =  1
             e(N_full) =  77
     e(num_singletons) =  0
    e(drop_singletons) =  1
        e(df_a_nested) =  26
     e(df_a_redundant) =  26
       e(df_a_initial) =  26
               e(df_a) =  0
    e(N_hdfe_extended) =  1
             e(N_hdfe) =  1
           e(N_clust1) =  26
      e(N_clustervars) =  1
            e(N_clust) =  26

macros:
   e(extended_absvars) : "ID"
            e(absvars) : "ID"
             e(title2) : "Absorbing 1 HDFE group"
          e(dofmethod) : "pairwise clusters continuous"
                e(vce) : "cluster"
            e(vcetype) : "Robust"
              e(title) : "HDFE Linear regression"
          e(indepvars) : "1bn.treated 2bn.treated 1bn.ID 2bn.ID 3bn.ID 4bn..."
             e(depvar) : "lgxq_llm"
       e(marginsnotok) : "Residuals SCore"
           e(footnote) : "reghdfe_footnote"
          e(estat_cmd) : "reghdfe_estat"
            e(predict) : "reghdfe_p"
              e(model) : "ols"
            e(cmdline) : "reghdfe lgxq_llm i.treated i.ID if (regexm(llm_刑.."
                e(cmd) : "reghdfe"
           e(clustvar) : "ID"
             e(title3) : "Statistics robust to heteroskedasticity"
          e(clustvar1) : "ID"
         e(properties) : "b V"

matrices:
                  e(b) :  1 x 30
                  e(V) :  30 x 30
          e(dof_table) :  1 x 5

functions:
             e(sample)   

.                  
. 
. 
.                      preserve

.                      keep if e(sample)
(3 observations deleted)

.                      levelsof ID, local(id_list)
0 1 2 3 4 5 6 7 8 9 10 11 12 13 15 16 17 18 19 20 21 22 23 24 25 26

.                      local unique_IDs: word count `id_list' 

.                      scalar unique_IDs = `unique_IDs'

.                      restore

.                  
. 
. estimates store reg_results // 保存回归结果

.                  outreg2 using "/Users/yuki/Desktop/law_ethnics/NOVALite_t0/l
> og/merged_defender_political_background_NOVALite_t0_15Feb2025.xls", replace /
> / 输出回归结果
/Users/yuki/Desktop/law_ethnics/NOVALite_t0/log/merged_defender_political_backg
> round_NOVALite_t0_15Feb2025.xls
dir : seeout

. 
. 
.                 set scheme white_tableau

.                 graph set window fontface "Times New Roman"
not available in non-GUI version

.                 coefplot, keep (0.treated 1.treated 2.treated 3.treated ) xli
> ne(0) ylabel(1 "{bf:Defender CCP}" 2 "{bf:Defender Other Party}" , labsize(me
> dium) ) xlabel (, labsize(medium)) xtitle( "{bf: Coefficient}",size(medium)) 
> ///
>                 graphregion(margin(small)) ///
>                 plotregion(margin(small)) ///
>                 text(, fontface("Times")) levels(95 90) ///
>                 note("{bf:Note:} Reference Group - Defender Mass", size(mediu
> m)) ///
>                 saving("/Users/yuki/Desktop/law_ethnics/NOVALite_t0/figure/me
> rged_defender_political_background_NOVALite_t0_15Feb2025.gph", replace )
(file
    /Users/yuki/Desktop/law_ethnics/NOVALite_t0/figure/merged_defender_politi
    > cal_background_NOVALite_t0_15Feb2025.gph not found)
file /Users/yuki/Desktop/law_ethnics/NOVALite_t0/figure/merged_defender_politic
> al_background_NOVALite_t0_15Feb2025.gph saved

.             
. 
. 
.             reghdfe lgxq_llm_full i.treated i.ID if llm_刑期 <= 600 & to_drop
>  == 0, absorb(ID) vce(cluster ID)
(MWFE estimator converged in 1 iterations)
note: 1bn.ID is probably collinear with the fixed effects (all partialled-out v
> alues are close to zero; tol = 1.0e-09)
note: 2bn.ID is probably collinear with the fixed effects (all partialled-out v
> alues are close to zero; tol = 1.0e-09)
note: 3bn.ID is probably collinear with the fixed effects (all partialled-out v
> alues are close to zero; tol = 1.0e-09)
note: 4bn.ID is probably collinear with the fixed effects (all partialled-out v
> alues are close to zero; tol = 1.0e-09)
note: 5bn.ID is probably collinear with the fixed effects (all partialled-out v
> alues are close to zero; tol = 1.0e-09)
note: 6bn.ID is probably collinear with the fixed effects (all partialled-out v
> alues are close to zero; tol = 1.0e-09)
note: 7bn.ID is probably collinear with the fixed effects (all partialled-out v
> alues are close to zero; tol = 1.0e-09)
note: 8bn.ID is probably collinear with the fixed effects (all partialled-out v
> alues are close to zero; tol = 1.0e-09)
note: 9bn.ID is probably collinear with the fixed effects (all partialled-out v
> alues are close to zero; tol = 1.0e-09)
note: 10bn.ID is probably collinear with the fixed effects (all partialled-out 
> values are close to zero; tol = 1.0e-09)
note: 11bn.ID is probably collinear with the fixed effects (all partialled-out 
> values are close to zero; tol = 1.0e-09)
note: 12bn.ID is probably collinear with the fixed effects (all partialled-out 
> values are close to zero; tol = 1.0e-09)
note: 13bn.ID is probably collinear with the fixed effects (all partialled-out 
> values are close to zero; tol = 1.0e-09)
note: 15bn.ID is probably collinear with the fixed effects (all partialled-out 
> values are close to zero; tol = 1.0e-09)
note: 16bn.ID is probably collinear with the fixed effects (all partialled-out 
> values are close to zero; tol = 1.0e-09)
note: 17bn.ID is probably collinear with the fixed effects (all partialled-out 
> values are close to zero; tol = 1.0e-09)
note: 18bn.ID is probably collinear with the fixed effects (all partialled-out 
> values are close to zero; tol = 1.0e-09)
note: 19bn.ID is probably collinear with the fixed effects (all partialled-out 
> values are close to zero; tol = 1.0e-09)
note: 20bn.ID is probably collinear with the fixed effects (all partialled-out 
> values are close to zero; tol = 1.0e-09)
note: 21bn.ID is probably collinear with the fixed effects (all partialled-out 
> values are close to zero; tol = 1.0e-09)
note: 22bn.ID is probably collinear with the fixed effects (all partialled-out 
> values are close to zero; tol = 1.0e-09)
note: 23bn.ID is probably collinear with the fixed effects (all partialled-out 
> values are close to zero; tol = 1.0e-09)
note: 24bn.ID is probably collinear with the fixed effects (all partialled-out 
> values are close to zero; tol = 1.0e-09)
note: 25bn.ID is probably collinear with the fixed effects (all partialled-out 
> values are close to zero; tol = 1.0e-09)
note: 26bn.ID is probably collinear with the fixed effects (all partialled-out 
> values are close to zero; tol = 1.0e-09)

HDFE Linear regression                            Number of obs   =         77
Absorbing 1 HDFE group                            F(   2,     25) =       0.49
Statistics robust to heteroskedasticity           Prob > F        =     0.6170
                                                  R-squared       =     0.9815
                                                  Adj R-squared   =     0.9714
                                                  Within R-sq.    =     0.0086
Number of clusters (ID)      =         26         Root MSE        =     0.1559

                                    (Std. err. adjusted for 26 clusters in ID)
------------------------------------------------------------------------------
             |               Robust
lgxq_llm_f~l | Coefficient  std. err.      t    P>|t|     [95% conf. interval]
-------------+----------------------------------------------------------------
     treated |
          1  |  -.0220512   .0550213    -0.40   0.692    -.1353698    .0912674
          2  |   .0042918   .0477124     0.09   0.929    -.0939737    .1025573
             |
          ID |
          1  |          0  (omitted)
          2  |          0  (omitted)
          3  |          0  (omitted)
          4  |          0  (omitted)
          5  |          0  (omitted)
          6  |          0  (omitted)
          7  |          0  (omitted)
          8  |          0  (omitted)
          9  |          0  (omitted)
         10  |          0  (omitted)
         11  |          0  (omitted)
         12  |          0  (omitted)
         13  |          0  (omitted)
         15  |          0  (omitted)
         16  |          0  (omitted)
         17  |          0  (omitted)
         18  |          0  (omitted)
         19  |          0  (omitted)
         20  |          0  (omitted)
         21  |          0  (omitted)
         22  |          0  (omitted)
         23  |          0  (omitted)
         24  |          0  (omitted)
         25  |          0  (omitted)
         26  |          0  (omitted)
             |
       _cons |   4.136309   .0335884   123.15   0.000     4.067133    4.205486
------------------------------------------------------------------------------

Absorbed degrees of freedom:
-----------------------------------------------------+
 Absorbed FE | Categories  - Redundant  = Num. Coefs |
-------------+---------------------------------------|
          ID |        26          26           0    *|
-----------------------------------------------------+
* = FE nested within cluster; treated as redundant for DoF computation

.             ereturn list

scalars:
                  e(N) =  77
               e(rank) =  2
               e(df_r) =  25
               e(df_m) =  2
                e(tss) =  64.51978687262942
         e(tss_within) =  1.200868051289262
                e(rss) =  1.190532532611494
                e(mss) =  63.32925434001793
               e(rmse) =  .1558736100120664
                  e(F) =  .4923281127297225
                 e(ll) =  51.26381421799374
               e(ll_0) =  50.93102183732507
                 e(r2) =  .9815477919206125
          e(r2_within) =  .0086067063460232
               e(r2_a) =  .9713802486931948
        e(r2_a_within) =  -.0318583260480167
         e(sumweights) =  77
                 e(ic) =  1
          e(converged) =  1
    e(report_constant) =  1
             e(N_full) =  77
     e(num_singletons) =  0
    e(drop_singletons) =  1
        e(df_a_nested) =  26
     e(df_a_redundant) =  26
       e(df_a_initial) =  26
               e(df_a) =  0
    e(N_hdfe_extended) =  1
             e(N_hdfe) =  1
           e(N_clust1) =  26
      e(N_clustervars) =  1
            e(N_clust) =  26

macros:
   e(extended_absvars) : "ID"
            e(absvars) : "ID"
             e(title2) : "Absorbing 1 HDFE group"
          e(dofmethod) : "pairwise clusters continuous"
                e(vce) : "cluster"
            e(vcetype) : "Robust"
              e(title) : "HDFE Linear regression"
          e(indepvars) : "1bn.treated 2bn.treated 1bn.ID 2bn.ID 3bn.ID 4bn..."
             e(depvar) : "lgxq_llm_full"
       e(marginsnotok) : "Residuals SCore"
           e(footnote) : "reghdfe_footnote"
          e(estat_cmd) : "reghdfe_estat"
            e(predict) : "reghdfe_p"
              e(model) : "ols"
            e(cmdline) : "reghdfe lgxq_llm_full i.treated i.ID if llm_刑期 .."
                e(cmd) : "reghdfe"
           e(clustvar) : "ID"
             e(title3) : "Statistics robust to heteroskedasticity"
          e(clustvar1) : "ID"
         e(properties) : "b V"

matrices:
                  e(b) :  1 x 30
                  e(V) :  30 x 30
          e(dof_table) :  1 x 5

functions:
             e(sample)   

.         
. 
. 
.             preserve

.             keep if e(sample)
(3 observations deleted)

.             levelsof ID, local(id_list)
0 1 2 3 4 5 6 7 8 9 10 11 12 13 15 16 17 18 19 20 21 22 23 24 25 26

.             local unique_IDs: word count `id_list' 

.             scalar unique_IDs = `unique_IDs'

.             restore

.         
. /Users/yuki/Desktop/law_ethnics/NOVALite_t0/log/merged_defender_political_bac
> kground_NOVALite_t0_15Feb2025_outcomefull.xls
dir : seeout

. 
.                 reghdfe llm_刑期 i.treated i.ID if (regexm(llm_刑罚类型, "有
> 期徒刑") | 零刑期 == 1) & llm_刑期 <= 300 & to_drop == 0, absorb(ID) vce(clus
> ter ID)
(MWFE estimator converged in 1 iterations)
note: 1bn.ID is probably collinear with the fixed effects (all partialled-out v
> alues are close to zero; tol = 1.0e-09)
note: 2bn.ID is probably collinear with the fixed effects (all partialled-out v
> alues are close to zero; tol = 1.0e-09)
note: 3bn.ID is probably collinear with the fixed effects (all partialled-out v
> alues are close to zero; tol = 1.0e-09)
note: 4bn.ID is probably collinear with the fixed effects (all partialled-out v
> alues are close to zero; tol = 1.0e-09)
note: 5bn.ID is probably collinear with the fixed effects (all partialled-out v
> alues are close to zero; tol = 1.0e-09)
note: 6bn.ID is probably collinear with the fixed effects (all partialled-out v
> alues are close to zero; tol = 1.0e-09)
note: 7bn.ID is probably collinear with the fixed effects (all partialled-out v
> alues are close to zero; tol = 1.0e-09)
note: 8bn.ID is probably collinear with the fixed effects (all partialled-out v
> alues are close to zero; tol = 1.0e-09)
note: 9bn.ID is probably collinear with the fixed effects (all partialled-out v
> alues are close to zero; tol = 1.0e-09)
note: 10bn.ID is probably collinear with the fixed effects (all partialled-out 
> values are close to zero; tol = 1.0e-09)
note: 11bn.ID is probably collinear with the fixed effects (all partialled-out 
> values are close to zero; tol = 1.0e-09)
note: 12bn.ID is probably collinear with the fixed effects (all partialled-out 
> values are close to zero; tol = 1.0e-09)
note: 13bn.ID is probably collinear with the fixed effects (all partialled-out 
> values are close to zero; tol = 1.0e-09)
note: 15bn.ID is probably collinear with the fixed effects (all partialled-out 
> values are close to zero; tol = 1.0e-09)
note: 16bn.ID is probably collinear with the fixed effects (all partialled-out 
> values are close to zero; tol = 1.0e-09)
note: 17bn.ID is probably collinear with the fixed effects (all partialled-out 
> values are close to zero; tol = 1.0e-09)
note: 18bn.ID is probably collinear with the fixed effects (all partialled-out 
> values are close to zero; tol = 1.0e-09)
note: 19bn.ID is probably collinear with the fixed effects (all partialled-out 
> values are close to zero; tol = 1.0e-09)
note: 20bn.ID is probably collinear with the fixed effects (all partialled-out 
> values are close to zero; tol = 1.0e-09)
note: 21bn.ID is probably collinear with the fixed effects (all partialled-out 
> values are close to zero; tol = 1.0e-09)
note: 22bn.ID is probably collinear with the fixed effects (all partialled-out 
> values are close to zero; tol = 1.0e-09)
note: 23bn.ID is probably collinear with the fixed effects (all partialled-out 
> values are close to zero; tol = 1.0e-09)
note: 24bn.ID is probably collinear with the fixed effects (all partialled-out 
> values are close to zero; tol = 1.0e-09)
note: 25bn.ID is probably collinear with the fixed effects (all partialled-out 
> values are close to zero; tol = 1.0e-09)
note: 26bn.ID is probably collinear with the fixed effects (all partialled-out 
> values are close to zero; tol = 1.0e-09)

HDFE Linear regression                            Number of obs   =         77
Absorbing 1 HDFE group                            F(   2,     25) =       0.51
Statistics robust to heteroskedasticity           Prob > F        =     0.6079
                                                  R-squared       =     0.9627
                                                  Adj R-squared   =     0.9422
                                                  Within R-sq.    =     0.0096
Number of clusters (ID)      =         26         Root MSE        =    12.4006

                                    (Std. err. adjusted for 26 clusters in ID)
------------------------------------------------------------------------------
             |               Robust
    llm_刑期 | Coefficient  std. err.      t    P>|t|     [95% conf. interval]
-------------+----------------------------------------------------------------
     treated |
          1  |  -1.633846   4.376824    -0.37   0.712    -10.64808    7.380391
          2  |   .6738462   3.651789     0.18   0.855    -6.847153    8.194846
             |
          ID |
          1  |          0  (omitted)
          2  |          0  (omitted)
          3  |          0  (omitted)
          4  |          0  (omitted)
          5  |          0  (omitted)
          6  |          0  (omitted)
          7  |          0  (omitted)
          8  |          0  (omitted)
          9  |          0  (omitted)
         10  |          0  (omitted)
         11  |          0  (omitted)
         12  |          0  (omitted)
         13  |          0  (omitted)
         15  |          0  (omitted)
         16  |          0  (omitted)
         17  |          0  (omitted)
         18  |          0  (omitted)
         19  |          0  (omitted)
         20  |          0  (omitted)
         21  |          0  (omitted)
         22  |          0  (omitted)
         23  |          0  (omitted)
         24  |          0  (omitted)
         25  |          0  (omitted)
         26  |          0  (omitted)
             |
       _cons |   83.31117   2.604927    31.98   0.000     77.94622    88.67612
------------------------------------------------------------------------------

Absorbed degrees of freedom:
-----------------------------------------------------+
 Absorbed FE | Categories  - Redundant  = Num. Coefs |
-------------+---------------------------------------|
          ID |        26          26           0    *|
-----------------------------------------------------+
* = FE nested within cluster; treated as redundant for DoF computation

.                 ereturn list

scalars:
                  e(N) =  77
               e(rank) =  2
               e(df_r) =  25
               e(df_m) =  2
                e(tss) =  202060.9870129871
         e(tss_within) =  7608.000000000001
                e(rss) =  7534.929230769232
                e(mss) =  194526.0577822179
               e(rmse) =  12.40056716179006
                  e(F) =  .5078306927613268
                 e(ll) =  -285.7229899949181
               e(ll_0) =  -286.0945490780642
                 e(r2) =  .962709628700938
          e(r2_within) =  .0096044649356951
               e(r2_a) =  .9421618730871691
        e(r2_a_within) =  -.03081984261795
         e(sumweights) =  77
                 e(ic) =  1
          e(converged) =  1
    e(report_constant) =  1
             e(N_full) =  77
     e(num_singletons) =  0
    e(drop_singletons) =  1
        e(df_a_nested) =  26
     e(df_a_redundant) =  26
       e(df_a_initial) =  26
               e(df_a) =  0
    e(N_hdfe_extended) =  1
             e(N_hdfe) =  1
           e(N_clust1) =  26
      e(N_clustervars) =  1
            e(N_clust) =  26

macros:
   e(extended_absvars) : "ID"
            e(absvars) : "ID"
             e(title2) : "Absorbing 1 HDFE group"
          e(dofmethod) : "pairwise clusters continuous"
                e(vce) : "cluster"
            e(vcetype) : "Robust"
              e(title) : "HDFE Linear regression"
          e(indepvars) : "1bn.treated 2bn.treated 1bn.ID 2bn.ID 3bn.ID 4bn..."
             e(depvar) : "llm_刑期"
       e(marginsnotok) : "Residuals SCore"
           e(footnote) : "reghdfe_footnote"
          e(estat_cmd) : "reghdfe_estat"
            e(predict) : "reghdfe_p"
              e(model) : "ols"
            e(cmdline) : "reghdfe llm_刑期 i.treated i.ID if (regexm(llm_刑.."
                e(cmd) : "reghdfe"
           e(clustvar) : "ID"
             e(title3) : "Statistics robust to heteroskedasticity"
          e(clustvar1) : "ID"
         e(properties) : "b V"

matrices:
                  e(b) :  1 x 30
                  e(V) :  30 x 30
          e(dof_table) :  1 x 5

functions:
             e(sample)   

.             
. 
. 
.                 preserve

.                 keep if e(sample)
(3 observations deleted)

.                 levelsof ID, local(id_list)
0 1 2 3 4 5 6 7 8 9 10 11 12 13 15 16 17 18 19 20 21 22 23 24 25 26

.                 local unique_IDs: word count `id_list' 

.                 scalar unique_IDs = `unique_IDs'

.                 restore

.             
. /Users/yuki/Desktop/law_ethnics/NOVALite_t0/log/merged_defender_political_bac
> kground_NOVALite_t0_15Feb2025_nolog.xls
dir : seeout

. 
. 
.                 generate below2014 = 0

.                 *使用正则表达式匹配并设置新变量
.                 replace below2014 = 1 if regexm(案号Case_number, "200[0-9]|20
> 1[0-3]")
(9 real changes made)

.                 reghdfe lgxq_llm i.treated i.ID if (regexm(llm_刑罚类型, "有
> 期徒刑") | 零刑期 == 1) & llm_刑期 <= 300 & below2014 == 0 & to_drop == 0, ab
> sorb(ID) vce(cluster ID)
(MWFE estimator converged in 1 iterations)
note: 1bn.ID is probably collinear with the fixed effects (all partialled-out v
> alues are close to zero; tol = 1.0e-09)
note: 2bn.ID is probably collinear with the fixed effects (all partialled-out v
> alues are close to zero; tol = 1.0e-09)
note: 3bn.ID is probably collinear with the fixed effects (all partialled-out v
> alues are close to zero; tol = 1.0e-09)
note: 4bn.ID is probably collinear with the fixed effects (all partialled-out v
> alues are close to zero; tol = 1.0e-09)
note: 5bn.ID is probably collinear with the fixed effects (all partialled-out v
> alues are close to zero; tol = 1.0e-09)
note: 6bn.ID is probably collinear with the fixed effects (all partialled-out v
> alues are close to zero; tol = 1.0e-09)
note: 7bn.ID is probably collinear with the fixed effects (all partialled-out v
> alues are close to zero; tol = 1.0e-09)
note: 8bn.ID is probably collinear with the fixed effects (all partialled-out v
> alues are close to zero; tol = 1.0e-09)
note: 9bn.ID is probably collinear with the fixed effects (all partialled-out v
> alues are close to zero; tol = 1.0e-09)
note: 10bn.ID is probably collinear with the fixed effects (all partialled-out 
> values are close to zero; tol = 1.0e-09)
note: 11bn.ID is probably collinear with the fixed effects (all partialled-out 
> values are close to zero; tol = 1.0e-09)
note: 12bn.ID is probably collinear with the fixed effects (all partialled-out 
> values are close to zero; tol = 1.0e-09)
note: 13bn.ID is probably collinear with the fixed effects (all partialled-out 
> values are close to zero; tol = 1.0e-09)
note: 15bn.ID is probably collinear with the fixed effects (all partialled-out 
> values are close to zero; tol = 1.0e-09)
note: 16bn.ID is probably collinear with the fixed effects (all partialled-out 
> values are close to zero; tol = 1.0e-09)
note: 17bn.ID is probably collinear with the fixed effects (all partialled-out 
> values are close to zero; tol = 1.0e-09)
note: 18bn.ID is probably collinear with the fixed effects (all partialled-out 
> values are close to zero; tol = 1.0e-09)
note: 19bn.ID is probably collinear with the fixed effects (all partialled-out 
> values are close to zero; tol = 1.0e-09)
note: 20bn.ID is probably collinear with the fixed effects (all partialled-out 
> values are close to zero; tol = 1.0e-09)
note: 21bn.ID is probably collinear with the fixed effects (all partialled-out 
> values are close to zero; tol = 1.0e-09)
note: 23bn.ID is probably collinear with the fixed effects (all partialled-out 
> values are close to zero; tol = 1.0e-09)
note: 26bn.ID is probably collinear with the fixed effects (all partialled-out 
> values are close to zero; tol = 1.0e-09)

HDFE Linear regression                            Number of obs   =         68
Absorbing 1 HDFE group                            F(   2,     22) =       0.49
Statistics robust to heteroskedasticity           Prob > F        =     0.6188
                                                  R-squared       =     0.9798
                                                  Adj R-squared   =     0.9685
                                                  Within R-sq.    =     0.0097
Number of clusters (ID)      =         23         Root MSE        =     0.1663

                                    (Std. err. adjusted for 23 clusters in ID)
------------------------------------------------------------------------------
             |               Robust
    lgxq_llm | Coefficient  std. err.      t    P>|t|     [95% conf. interval]
-------------+----------------------------------------------------------------
     treated |
          1  |  -.0249801   .0627342    -0.40   0.694    -.1550827    .1051226
          2  |   .0047989   .0544605     0.09   0.931    -.1081453    .1177432
             |
          ID |
          1  |          0  (omitted)
          2  |          0  (omitted)
          3  |          0  (omitted)
          4  |          0  (omitted)
          5  |          0  (omitted)
          6  |          0  (omitted)
          7  |          0  (omitted)
          8  |          0  (omitted)
          9  |          0  (omitted)
         10  |          0  (omitted)
         11  |          0  (omitted)
         12  |          0  (omitted)
         13  |          0  (omitted)
         15  |          0  (omitted)
         16  |          0  (omitted)
         17  |          0  (omitted)
         18  |          0  (omitted)
         19  |          0  (omitted)
         20  |          0  (omitted)
         21  |          0  (omitted)
         23  |          0  (omitted)
         26  |          0  (omitted)
             |
       _cons |   4.083568   .0383997   106.34   0.000     4.003932    4.163204
------------------------------------------------------------------------------

Absorbed degrees of freedom:
-----------------------------------------------------+
 Absorbed FE | Categories  - Redundant  = Num. Coefs |
-------------+---------------------------------------|
          ID |        23          23           0    *|
-----------------------------------------------------+
* = FE nested within cluster; treated as redundant for DoF computation

.              ereturn list

scalars:
                  e(N) =  68
               e(rank) =  2
               e(df_r) =  22
               e(df_m) =  2
                e(tss) =  58.76369204618935
         e(tss_within) =  1.200868051289263
                e(rss) =  1.189176630086576
                e(mss) =  57.57451541610277
               e(rmse) =  .1662987386215833
                  e(F) =  .4905606324771787
                 e(ll) =  41.08456227280981
               e(ll_0) =  40.75192289189877
                 e(r2) =  .9797634119185047
          e(r2_within) =  .0097358083514123
               e(r2_a) =  .9684685720590654
        e(r2_a_within) =  -.0363229912601499
         e(sumweights) =  68
                 e(ic) =  1
          e(converged) =  1
    e(report_constant) =  1
             e(N_full) =  68
     e(num_singletons) =  0
    e(drop_singletons) =  1
        e(df_a_nested) =  23
     e(df_a_redundant) =  23
       e(df_a_initial) =  23
               e(df_a) =  0
    e(N_hdfe_extended) =  1
             e(N_hdfe) =  1
           e(N_clust1) =  23
      e(N_clustervars) =  1
            e(N_clust) =  23

macros:
   e(extended_absvars) : "ID"
            e(absvars) : "ID"
             e(title2) : "Absorbing 1 HDFE group"
          e(dofmethod) : "pairwise clusters continuous"
                e(vce) : "cluster"
            e(vcetype) : "Robust"
              e(title) : "HDFE Linear regression"
          e(indepvars) : "1bn.treated 2bn.treated 1bn.ID 2bn.ID 3bn.ID 4bn..."
             e(depvar) : "lgxq_llm"
       e(marginsnotok) : "Residuals SCore"
           e(footnote) : "reghdfe_footnote"
          e(estat_cmd) : "reghdfe_estat"
            e(predict) : "reghdfe_p"
              e(model) : "ols"
            e(cmdline) : "reghdfe lgxq_llm i.treated i.ID if (regexm(llm_刑.."
                e(cmd) : "reghdfe"
           e(clustvar) : "ID"
             e(title3) : "Statistics robust to heteroskedasticity"
          e(clustvar1) : "ID"
         e(properties) : "b V"

matrices:
                  e(b) :  1 x 27
                  e(V) :  27 x 27
          e(dof_table) :  1 x 5

functions:
             e(sample)   

.          
. 
. 
.              preserve

.              keep if e(sample)
(12 observations deleted)

.              levelsof ID, local(id_list)
0 1 2 3 4 5 6 7 8 9 10 11 12 13 15 16 17 18 19 20 21 23 26

.              local unique_IDs: word count `id_list' 

.              scalar unique_IDs = `unique_IDs'

.              restore

.          
. /Users/yuki/Desktop/law_ethnics/NOVALite_t0/log/merged_defender_political_bac
> kground_NOVALite_t0_15Feb2025_2014.xls
dir : seeout

. 
.              reghdfe lgxq_llm i.treated i.ID if (regexm(llm_刑罚类型, "有期徒
> 刑") | 零刑期 == 1) & llm_刑期 <= 300 & to_drop == 0, absorb(ID) vce(robust)
(MWFE estimator converged in 1 iterations)
note: 1bn.ID is probably collinear with the fixed effects (all partialled-out v
> alues are close to zero; tol = 1.0e-09)
note: 2bn.ID is probably collinear with the fixed effects (all partialled-out v
> alues are close to zero; tol = 1.0e-09)
note: 3bn.ID is probably collinear with the fixed effects (all partialled-out v
> alues are close to zero; tol = 1.0e-09)
note: 4bn.ID is probably collinear with the fixed effects (all partialled-out v
> alues are close to zero; tol = 1.0e-09)
note: 5bn.ID is probably collinear with the fixed effects (all partialled-out v
> alues are close to zero; tol = 1.0e-09)
note: 6bn.ID is probably collinear with the fixed effects (all partialled-out v
> alues are close to zero; tol = 1.0e-09)
note: 7bn.ID is probably collinear with the fixed effects (all partialled-out v
> alues are close to zero; tol = 1.0e-09)
note: 8bn.ID is probably collinear with the fixed effects (all partialled-out v
> alues are close to zero; tol = 1.0e-09)
note: 9bn.ID is probably collinear with the fixed effects (all partialled-out v
> alues are close to zero; tol = 1.0e-09)
note: 10bn.ID is probably collinear with the fixed effects (all partialled-out 
> values are close to zero; tol = 1.0e-09)
note: 11bn.ID is probably collinear with the fixed effects (all partialled-out 
> values are close to zero; tol = 1.0e-09)
note: 12bn.ID is probably collinear with the fixed effects (all partialled-out 
> values are close to zero; tol = 1.0e-09)
note: 13bn.ID is probably collinear with the fixed effects (all partialled-out 
> values are close to zero; tol = 1.0e-09)
note: 15bn.ID is probably collinear with the fixed effects (all partialled-out 
> values are close to zero; tol = 1.0e-09)
note: 16bn.ID is probably collinear with the fixed effects (all partialled-out 
> values are close to zero; tol = 1.0e-09)
note: 17bn.ID is probably collinear with the fixed effects (all partialled-out 
> values are close to zero; tol = 1.0e-09)
note: 18bn.ID is probably collinear with the fixed effects (all partialled-out 
> values are close to zero; tol = 1.0e-09)
note: 19bn.ID is probably collinear with the fixed effects (all partialled-out 
> values are close to zero; tol = 1.0e-09)
note: 20bn.ID is probably collinear with the fixed effects (all partialled-out 
> values are close to zero; tol = 1.0e-09)
note: 21bn.ID is probably collinear with the fixed effects (all partialled-out 
> values are close to zero; tol = 1.0e-09)
note: 22bn.ID is probably collinear with the fixed effects (all partialled-out 
> values are close to zero; tol = 1.0e-09)
note: 23bn.ID is probably collinear with the fixed effects (all partialled-out 
> values are close to zero; tol = 1.0e-09)
note: 24bn.ID is probably collinear with the fixed effects (all partialled-out 
> values are close to zero; tol = 1.0e-09)
note: 25bn.ID is probably collinear with the fixed effects (all partialled-out 
> values are close to zero; tol = 1.0e-09)
note: 26bn.ID is probably collinear with the fixed effects (all partialled-out 
> values are close to zero; tol = 1.0e-09)

HDFE Linear regression                            Number of obs   =         77
Absorbing 1 HDFE group                            F(   2,     49) =       0.28
                                                  Prob > F        =     0.7574
                                                  R-squared       =     0.9815
                                                  Adj R-squared   =     0.9714
                                                  Within R-sq.    =     0.0086
                                                  Root MSE        =     0.1559

------------------------------------------------------------------------------
             |               Robust
    lgxq_llm | Coefficient  std. err.      t    P>|t|     [95% conf. interval]
-------------+----------------------------------------------------------------
     treated |
          1  |  -.0220512   .0496325    -0.44   0.659    -.1217913     .077689
          2  |   .0042918   .0457727     0.09   0.926     -.087692    .0962756
             |
          ID |
          1  |          0  (omitted)
          2  |          0  (omitted)
          3  |          0  (omitted)
          4  |          0  (omitted)
          5  |          0  (omitted)
          6  |          0  (omitted)
          7  |          0  (omitted)
          8  |          0  (omitted)
          9  |          0  (omitted)
         10  |          0  (omitted)
         11  |          0  (omitted)
         12  |          0  (omitted)
         13  |          0  (omitted)
         15  |          0  (omitted)
         16  |          0  (omitted)
         17  |          0  (omitted)
         18  |          0  (omitted)
         19  |          0  (omitted)
         20  |          0  (omitted)
         21  |          0  (omitted)
         22  |          0  (omitted)
         23  |          0  (omitted)
         24  |          0  (omitted)
         25  |          0  (omitted)
         26  |          0  (omitted)
             |
       _cons |   4.136309   .0402224   102.84   0.000     4.055479    4.217139
------------------------------------------------------------------------------

Absorbed degrees of freedom:
-----------------------------------------------------+
 Absorbed FE | Categories  - Redundant  = Num. Coefs |
-------------+---------------------------------------|
          ID |        26           0          26     |
-----------------------------------------------------+

.              ereturn list

scalars:
                  e(N) =  77
               e(rank) =  2
               e(df_r) =  49
               e(df_m) =  2
                e(tss) =  64.51978687262942
         e(tss_within) =  1.200868051289262
                e(rss) =  1.190532532611494
                e(mss) =  63.32925434001793
               e(rmse) =  .1558736100120664
                  e(F) =  .2794099526321919
                 e(ll) =  51.26381421799374
               e(ll_0) =  50.93102183732507
                 e(r2) =  .9815477919206125
          e(r2_within) =  .0086067063460232
               e(r2_a) =  .9713802486931948
        e(r2_a_within) =  -.0318583260480167
         e(sumweights) =  77
                 e(ic) =  1
          e(converged) =  1
    e(report_constant) =  1
             e(N_full) =  77
     e(num_singletons) =  0
    e(drop_singletons) =  1
        e(df_a_nested) =  0
     e(df_a_redundant) =  0
       e(df_a_initial) =  26
               e(df_a) =  26
    e(N_hdfe_extended) =  1
             e(N_hdfe) =  1

macros:
   e(extended_absvars) : "ID"
            e(absvars) : "ID"
             e(title2) : "Absorbing 1 HDFE group"
          e(dofmethod) : "pairwise clusters continuous"
                e(vce) : "robust"
            e(vcetype) : "Robust"
              e(title) : "HDFE Linear regression"
          e(indepvars) : "1bn.treated 2bn.treated 1bn.ID 2bn.ID 3bn.ID 4bn..."
             e(depvar) : "lgxq_llm"
       e(marginsnotok) : "Residuals SCore"
           e(footnote) : "reghdfe_footnote"
          e(estat_cmd) : "reghdfe_estat"
            e(predict) : "reghdfe_p"
              e(model) : "ols"
            e(cmdline) : "reghdfe lgxq_llm i.treated i.ID if (regexm(llm_刑.."
                e(cmd) : "reghdfe"
         e(properties) : "b V"

matrices:
                  e(b) :  1 x 30
                  e(V) :  30 x 30
          e(dof_table) :  1 x 5

functions:
             e(sample)   

.          
. 
. 
.              preserve

.              keep if e(sample)
(3 observations deleted)

.              levelsof ID, local(id_list)
0 1 2 3 4 5 6 7 8 9 10 11 12 13 15 16 17 18 19 20 21 22 23 24 25 26

.              local unique_IDs: word count `id_list' 

.              scalar unique_IDs = `unique_IDs'

.              restore

.          
. /Users/yuki/Desktop/law_ethnics/NOVALite_t0/log/merged_defender_political_bac
> kground_NOVALite_t0_15Feb2025_r.xls
dir : seeout

. 
.              reghdfe lgxq_llm i.treated i.ID if (regexm(llm_刑罚类型, "有期徒
> 刑") | 零刑期 == 1) & llm_刑期 <= 300 & to_drop == 0, absorb(ID) vce(cluster 
> 被告人1罪名1罪名Crime_name)
(MWFE estimator converged in 1 iterations)
note: 1bn.ID is probably collinear with the fixed effects (all partialled-out v
> alues are close to zero; tol = 1.0e-09)
note: 2bn.ID is probably collinear with the fixed effects (all partialled-out v
> alues are close to zero; tol = 1.0e-09)
note: 3bn.ID is probably collinear with the fixed effects (all partialled-out v
> alues are close to zero; tol = 1.0e-09)
note: 4bn.ID is probably collinear with the fixed effects (all partialled-out v
> alues are close to zero; tol = 1.0e-09)
note: 5bn.ID is probably collinear with the fixed effects (all partialled-out v
> alues are close to zero; tol = 1.0e-09)
note: 6bn.ID is probably collinear with the fixed effects (all partialled-out v
> alues are close to zero; tol = 1.0e-09)
note: 7bn.ID is probably collinear with the fixed effects (all partialled-out v
> alues are close to zero; tol = 1.0e-09)
note: 8bn.ID is probably collinear with the fixed effects (all partialled-out v
> alues are close to zero; tol = 1.0e-09)
note: 9bn.ID is probably collinear with the fixed effects (all partialled-out v
> alues are close to zero; tol = 1.0e-09)
note: 10bn.ID is probably collinear with the fixed effects (all partialled-out 
> values are close to zero; tol = 1.0e-09)
note: 11bn.ID is probably collinear with the fixed effects (all partialled-out 
> values are close to zero; tol = 1.0e-09)
note: 12bn.ID is probably collinear with the fixed effects (all partialled-out 
> values are close to zero; tol = 1.0e-09)
note: 13bn.ID is probably collinear with the fixed effects (all partialled-out 
> values are close to zero; tol = 1.0e-09)
note: 15bn.ID is probably collinear with the fixed effects (all partialled-out 
> values are close to zero; tol = 1.0e-09)
note: 16bn.ID is probably collinear with the fixed effects (all partialled-out 
> values are close to zero; tol = 1.0e-09)
note: 17bn.ID is probably collinear with the fixed effects (all partialled-out 
> values are close to zero; tol = 1.0e-09)
note: 18bn.ID is probably collinear with the fixed effects (all partialled-out 
> values are close to zero; tol = 1.0e-09)
note: 19bn.ID is probably collinear with the fixed effects (all partialled-out 
> values are close to zero; tol = 1.0e-09)
note: 20bn.ID is probably collinear with the fixed effects (all partialled-out 
> values are close to zero; tol = 1.0e-09)
note: 21bn.ID is probably collinear with the fixed effects (all partialled-out 
> values are close to zero; tol = 1.0e-09)
note: 22bn.ID is probably collinear with the fixed effects (all partialled-out 
> values are close to zero; tol = 1.0e-09)
note: 23bn.ID is probably collinear with the fixed effects (all partialled-out 
> values are close to zero; tol = 1.0e-09)
note: 24bn.ID is probably collinear with the fixed effects (all partialled-out 
> values are close to zero; tol = 1.0e-09)
note: 25bn.ID is probably collinear with the fixed effects (all partialled-out 
> values are close to zero; tol = 1.0e-09)
note: 26bn.ID is probably collinear with the fixed effects (all partialled-out 
> values are close to zero; tol = 1.0e-09)

HDFE Linear regression                            Number of obs   =         77
Absorbing 1 HDFE group                            F(   2,     16) =       0.72
Statistics robust to heteroskedasticity           Prob > F        =     0.5005
                                                  R-squared       =     0.9815
                                                  Adj R-squared   =     0.9714
                                                  Within R-sq.    =     0.0086
Number of clusters (被告人1罪名1罪名Crime_name) =         17Root MSE=     0.155
> 9

            (Std. err. adjusted for 17 clusters in 被告人1罪名1罪名Crime_name)
------------------------------------------------------------------------------
             |               Robust
    lgxq_llm | Coefficient  std. err.      t    P>|t|     [95% conf. interval]
-------------+----------------------------------------------------------------
     treated |
          1  |  -.0220512   .0528441    -0.42   0.682    -.1340757    .0899734
          2  |   .0042918   .0483907     0.09   0.930     -.098292    .1068756
             |
          ID |
          1  |          0  (omitted)
          2  |          0  (omitted)
          3  |          0  (omitted)
          4  |          0  (omitted)
          5  |          0  (omitted)
          6  |          0  (omitted)
          7  |          0  (omitted)
          8  |          0  (omitted)
          9  |          0  (omitted)
         10  |          0  (omitted)
         11  |          0  (omitted)
         12  |          0  (omitted)
         13  |          0  (omitted)
         15  |          0  (omitted)
         16  |          0  (omitted)
         17  |          0  (omitted)
         18  |          0  (omitted)
         19  |          0  (omitted)
         20  |          0  (omitted)
         21  |          0  (omitted)
         22  |          0  (omitted)
         23  |          0  (omitted)
         24  |          0  (omitted)
         25  |          0  (omitted)
         26  |          0  (omitted)
             |
       _cons |   4.136309   .0334041   123.83   0.000     4.065496    4.207123
------------------------------------------------------------------------------

Absorbed degrees of freedom:
-----------------------------------------------------+
 Absorbed FE | Categories  - Redundant  = Num. Coefs |
-------------+---------------------------------------|
          ID |        26          26           0    *|
-----------------------------------------------------+
* = FE nested within cluster; treated as redundant for DoF computation

.              ereturn list

scalars:
                  e(N) =  77
               e(rank) =  2
               e(df_r) =  16
               e(df_m) =  2
                e(tss) =  64.51978687262942
         e(tss_within) =  1.200868051289262
                e(rss) =  1.190532532611494
                e(mss) =  63.32925434001793
               e(rmse) =  .1558736100120664
                  e(F) =  .7228794304278173
                 e(ll) =  51.26381421799374
               e(ll_0) =  50.93102183732507
                 e(r2) =  .9815477919206125
          e(r2_within) =  .0086067063460232
               e(r2_a) =  .9713802486931948
        e(r2_a_within) =  -.0318583260480167
         e(sumweights) =  77
                 e(ic) =  1
          e(converged) =  1
    e(report_constant) =  1
             e(N_full) =  77
     e(num_singletons) =  0
    e(drop_singletons) =  1
        e(df_a_nested) =  26
     e(df_a_redundant) =  26
       e(df_a_initial) =  26
               e(df_a) =  0
    e(N_hdfe_extended) =  1
             e(N_hdfe) =  1
           e(N_clust1) =  17
      e(N_clustervars) =  1
            e(N_clust) =  17

macros:
   e(extended_absvars) : "ID"
            e(absvars) : "ID"
             e(title2) : "Absorbing 1 HDFE group"
          e(dofmethod) : "pairwise clusters continuous"
                e(vce) : "cluster"
            e(vcetype) : "Robust"
              e(title) : "HDFE Linear regression"
          e(indepvars) : "1bn.treated 2bn.treated 1bn.ID 2bn.ID 3bn.ID 4bn..."
             e(depvar) : "lgxq_llm"
       e(marginsnotok) : "Residuals SCore"
           e(footnote) : "reghdfe_footnote"
          e(estat_cmd) : "reghdfe_estat"
            e(predict) : "reghdfe_p"
              e(model) : "ols"
            e(cmdline) : "reghdfe lgxq_llm i.treated i.ID if (regexm(llm_刑.."
                e(cmd) : "reghdfe"
           e(clustvar) : "被告人1罪名1罪名Crime_name"
             e(title3) : "Statistics robust to heteroskedasticity"
          e(clustvar1) : "被告人1罪名1罪名Crime_name"
         e(properties) : "b V"

matrices:
                  e(b) :  1 x 30
                  e(V) :  30 x 30
          e(dof_table) :  1 x 5

functions:
             e(sample)   

.          
. 
. 
.              preserve

.              keep if e(sample)
(3 observations deleted)

.              levelsof ID, local(id_list)
0 1 2 3 4 5 6 7 8 9 10 11 12 13 15 16 17 18 19 20 21 22 23 24 25 26

.              local unique_IDs: word count `id_list' 

.              scalar unique_IDs = `unique_IDs'

.              restore

.          
. /Users/yuki/Desktop/law_ethnics/NOVALite_t0/log/merged_defender_political_bac
> kground_NOVALite_t0_15Feb2025_crime.xls
dir : seeout

. 
.                 //原来的主回归
.                 reghdfe lgxq_llm i.treated i.ID if (regexm(llm_刑罚类型, "有
> 期徒刑") | 零刑期 == 1) & llm_刑期 <= 300, absorb(ID) vce(cluster ID)
(MWFE estimator converged in 1 iterations)
note: 1bn.ID is probably collinear with the fixed effects (all partialled-out v
> alues are close to zero; tol = 1.0e-09)
note: 2bn.ID is probably collinear with the fixed effects (all partialled-out v
> alues are close to zero; tol = 1.0e-09)
note: 3bn.ID is probably collinear with the fixed effects (all partialled-out v
> alues are close to zero; tol = 1.0e-09)
note: 4bn.ID is probably collinear with the fixed effects (all partialled-out v
> alues are close to zero; tol = 1.0e-09)
note: 5bn.ID is probably collinear with the fixed effects (all partialled-out v
> alues are close to zero; tol = 1.0e-09)
note: 6bn.ID is probably collinear with the fixed effects (all partialled-out v
> alues are close to zero; tol = 1.0e-09)
note: 7bn.ID is probably collinear with the fixed effects (all partialled-out v
> alues are close to zero; tol = 1.0e-09)
note: 8bn.ID is probably collinear with the fixed effects (all partialled-out v
> alues are close to zero; tol = 1.0e-09)
note: 9bn.ID is probably collinear with the fixed effects (all partialled-out v
> alues are close to zero; tol = 1.0e-09)
note: 10bn.ID is probably collinear with the fixed effects (all partialled-out 
> values are close to zero; tol = 1.0e-09)
note: 11bn.ID is probably collinear with the fixed effects (all partialled-out 
> values are close to zero; tol = 1.0e-09)
note: 12bn.ID is probably collinear with the fixed effects (all partialled-out 
> values are close to zero; tol = 1.0e-09)
note: 13bn.ID is probably collinear with the fixed effects (all partialled-out 
> values are close to zero; tol = 1.0e-09)
note: 15bn.ID is probably collinear with the fixed effects (all partialled-out 
> values are close to zero; tol = 1.0e-09)
note: 16bn.ID is probably collinear with the fixed effects (all partialled-out 
> values are close to zero; tol = 1.0e-09)
note: 17bn.ID is probably collinear with the fixed effects (all partialled-out 
> values are close to zero; tol = 1.0e-09)
note: 18bn.ID is probably collinear with the fixed effects (all partialled-out 
> values are close to zero; tol = 1.0e-09)
note: 19bn.ID is probably collinear with the fixed effects (all partialled-out 
> values are close to zero; tol = 1.0e-09)
note: 20bn.ID is probably collinear with the fixed effects (all partialled-out 
> values are close to zero; tol = 1.0e-09)
note: 21bn.ID is probably collinear with the fixed effects (all partialled-out 
> values are close to zero; tol = 1.0e-09)
note: 22bn.ID is probably collinear with the fixed effects (all partialled-out 
> values are close to zero; tol = 1.0e-09)
note: 23bn.ID is probably collinear with the fixed effects (all partialled-out 
> values are close to zero; tol = 1.0e-09)
note: 24bn.ID is probably collinear with the fixed effects (all partialled-out 
> values are close to zero; tol = 1.0e-09)
note: 25bn.ID is probably collinear with the fixed effects (all partialled-out 
> values are close to zero; tol = 1.0e-09)
note: 26bn.ID is probably collinear with the fixed effects (all partialled-out 
> values are close to zero; tol = 1.0e-09)

HDFE Linear regression                            Number of obs   =         77
Absorbing 1 HDFE group                            F(   2,     25) =       0.49
Statistics robust to heteroskedasticity           Prob > F        =     0.6170
                                                  R-squared       =     0.9815
                                                  Adj R-squared   =     0.9714
                                                  Within R-sq.    =     0.0086
Number of clusters (ID)      =         26         Root MSE        =     0.1559

                                    (Std. err. adjusted for 26 clusters in ID)
------------------------------------------------------------------------------
             |               Robust
    lgxq_llm | Coefficient  std. err.      t    P>|t|     [95% conf. interval]
-------------+----------------------------------------------------------------
     treated |
          1  |  -.0220512   .0550213    -0.40   0.692    -.1353698    .0912674
          2  |   .0042918   .0477124     0.09   0.929    -.0939737    .1025573
             |
          ID |
          1  |          0  (omitted)
          2  |          0  (omitted)
          3  |          0  (omitted)
          4  |          0  (omitted)
          5  |          0  (omitted)
          6  |          0  (omitted)
          7  |          0  (omitted)
          8  |          0  (omitted)
          9  |          0  (omitted)
         10  |          0  (omitted)
         11  |          0  (omitted)
         12  |          0  (omitted)
         13  |          0  (omitted)
         15  |          0  (omitted)
         16  |          0  (omitted)
         17  |          0  (omitted)
         18  |          0  (omitted)
         19  |          0  (omitted)
         20  |          0  (omitted)
         21  |          0  (omitted)
         22  |          0  (omitted)
         23  |          0  (omitted)
         24  |          0  (omitted)
         25  |          0  (omitted)
         26  |          0  (omitted)
             |
       _cons |   4.136309   .0335884   123.15   0.000     4.067133    4.205486
------------------------------------------------------------------------------

Absorbed degrees of freedom:
-----------------------------------------------------+
 Absorbed FE | Categories  - Redundant  = Num. Coefs |
-------------+---------------------------------------|
          ID |        26          26           0    *|
-----------------------------------------------------+
* = FE nested within cluster; treated as redundant for DoF computation

.              ereturn list

scalars:
                  e(N) =  77
               e(rank) =  2
               e(df_r) =  25
               e(df_m) =  2
                e(tss) =  64.51978687262942
         e(tss_within) =  1.200868051289262
                e(rss) =  1.190532532611494
                e(mss) =  63.32925434001793
               e(rmse) =  .1558736100120664
                  e(F) =  .4923281127297225
                 e(ll) =  51.26381421799374
               e(ll_0) =  50.93102183732507
                 e(r2) =  .9815477919206125
          e(r2_within) =  .0086067063460232
               e(r2_a) =  .9713802486931948
        e(r2_a_within) =  -.0318583260480167
         e(sumweights) =  77
                 e(ic) =  1
          e(converged) =  1
    e(report_constant) =  1
             e(N_full) =  77
     e(num_singletons) =  0
    e(drop_singletons) =  1
        e(df_a_nested) =  26
     e(df_a_redundant) =  26
       e(df_a_initial) =  26
               e(df_a) =  0
    e(N_hdfe_extended) =  1
             e(N_hdfe) =  1
           e(N_clust1) =  26
      e(N_clustervars) =  1
            e(N_clust) =  26

macros:
   e(extended_absvars) : "ID"
            e(absvars) : "ID"
             e(title2) : "Absorbing 1 HDFE group"
          e(dofmethod) : "pairwise clusters continuous"
                e(vce) : "cluster"
            e(vcetype) : "Robust"
              e(title) : "HDFE Linear regression"
          e(indepvars) : "1bn.treated 2bn.treated 1bn.ID 2bn.ID 3bn.ID 4bn..."
             e(depvar) : "lgxq_llm"
       e(marginsnotok) : "Residuals SCore"
           e(footnote) : "reghdfe_footnote"
          e(estat_cmd) : "reghdfe_estat"
            e(predict) : "reghdfe_p"
              e(model) : "ols"
            e(cmdline) : "reghdfe lgxq_llm i.treated i.ID if (regexm(llm_刑.."
                e(cmd) : "reghdfe"
           e(clustvar) : "ID"
             e(title3) : "Statistics robust to heteroskedasticity"
          e(clustvar1) : "ID"
         e(properties) : "b V"

matrices:
                  e(b) :  1 x 30
                  e(V) :  30 x 30
          e(dof_table) :  1 x 5

functions:
             e(sample)   

.          
. 
. 
.              preserve

.              keep if e(sample)
(3 observations deleted)

.              levelsof ID, local(id_list)
0 1 2 3 4 5 6 7 8 9 10 11 12 13 15 16 17 18 19 20 21 22 23 24 25 26

.              local unique_IDs: word count `id_list' 

.              scalar unique_IDs = `unique_IDs'

.              restore

.          
. /Users/yuki/Desktop/law_ethnics/NOVALite_t0/log/merged_defender_political_bac
> kground_NOVALite_t0_15Feb2025_ori.xls
dir : seeout

. 
.                 // 从 true_answer 提取刑期
.                 gen sentence_text = regexs(1) if regexm(true_answer, "'刑期'\
> s*[:：]\s*(\d+)")
(3 missing values generated)

.                 gen real_sentence = real(sentence_text)  // 转换为数值
(3 missing values generated)

.             
.                 // 计算 MAE
.                 gen absolute_error = abs(real_sentence - llm_刑期)
(6 missing values generated)

.                 // Create a new variable based on the regexm condition
.                 gen condition = regexm(llm_刑罚类型, "有期徒刑") | 零刑期 == 
> 1

.                 summarize absolute_error if condition & llm_刑期 <= 300 & to_
> drop == 0

    Variable |        Obs        Mean    Std. dev.       Min        Max
-------------+---------------------------------------------------------
absolute_e~r |         74     52.2973    43.76548          0        180

.                 di "Mean Absolute Error (MAE): " r(mean)
Mean Absolute Error (MAE): 52.297297

.         
. 
. 
.                  // 计算 MAPE
.                 gen percentage_error = abs((real_sentence - llm_刑期) / real_
> sentence) * 100 if real_sentence > 0
(20 missing values generated)

.                 // Create a new variable based on the regexm condition
.                 gen condition1 = regexm(llm_刑罚类型, "有期徒刑") | 零刑期 ==
>  1

.                 // Now, use the new variable in the summarize command
.                 summarize percentage_error if condition1 & llm_刑期 <= 300 & 
> to_drop == 0

    Variable |        Obs        Mean    Std. dev.       Min        Max
-------------+---------------------------------------------------------
percentage~r |         60    200.6806    269.0813          0   1614.286

. 
.                 di "Mean Absolute Percentage Error (MAPE): " r(mean)
Mean Absolute Percentage Error (MAPE): 200.68057

.         
. 
. 
.                 gen sentence_inaccuracy = abs(real_sentence - llm_刑期)
(6 missing values generated)

.                 reghdfe sentence_inaccuracy i.treated i.ID if (regexm(llm_刑
> 罚类型, "有期徒刑") | 零刑期 == 1) & llm_刑期 <= 300 & to_drop == 0, absorb(I
> D) vce(cluster ID)
(MWFE estimator converged in 1 iterations)
note: 1bn.ID is probably collinear with the fixed effects (all partialled-out v
> alues are close to zero; tol = 1.0e-09)
note: 2bn.ID is probably collinear with the fixed effects (all partialled-out v
> alues are close to zero; tol = 1.0e-09)
note: 3bn.ID is probably collinear with the fixed effects (all partialled-out v
> alues are close to zero; tol = 1.0e-09)
note: 4bn.ID is probably collinear with the fixed effects (all partialled-out v
> alues are close to zero; tol = 1.0e-09)
note: 5bn.ID is probably collinear with the fixed effects (all partialled-out v
> alues are close to zero; tol = 1.0e-09)
note: 6bn.ID is probably collinear with the fixed effects (all partialled-out v
> alues are close to zero; tol = 1.0e-09)
note: 7bn.ID is probably collinear with the fixed effects (all partialled-out v
> alues are close to zero; tol = 1.0e-09)
note: 8bn.ID is probably collinear with the fixed effects (all partialled-out v
> alues are close to zero; tol = 1.0e-09)
note: 9bn.ID is probably collinear with the fixed effects (all partialled-out v
> alues are close to zero; tol = 1.0e-09)
note: 10bn.ID is probably collinear with the fixed effects (all partialled-out 
> values are close to zero; tol = 1.0e-09)
note: 11bn.ID is probably collinear with the fixed effects (all partialled-out 
> values are close to zero; tol = 1.0e-09)
note: 12bn.ID is probably collinear with the fixed effects (all partialled-out 
> values are close to zero; tol = 1.0e-09)
note: 13bn.ID is probably collinear with the fixed effects (all partialled-out 
> values are close to zero; tol = 1.0e-09)
note: 15bn.ID is probably collinear with the fixed effects (all partialled-out 
> values are close to zero; tol = 1.0e-09)
note: 16bn.ID is probably collinear with the fixed effects (all partialled-out 
> values are close to zero; tol = 1.0e-09)
note: 18bn.ID is probably collinear with the fixed effects (all partialled-out 
> values are close to zero; tol = 1.0e-09)
note: 19bn.ID is probably collinear with the fixed effects (all partialled-out 
> values are close to zero; tol = 1.0e-09)
note: 20bn.ID is probably collinear with the fixed effects (all partialled-out 
> values are close to zero; tol = 1.0e-09)
note: 21bn.ID is probably collinear with the fixed effects (all partialled-out 
> values are close to zero; tol = 1.0e-09)
note: 22bn.ID is probably collinear with the fixed effects (all partialled-out 
> values are close to zero; tol = 1.0e-09)
note: 23bn.ID is probably collinear with the fixed effects (all partialled-out 
> values are close to zero; tol = 1.0e-09)
note: 24bn.ID is probably collinear with the fixed effects (all partialled-out 
> values are close to zero; tol = 1.0e-09)
note: 25bn.ID is probably collinear with the fixed effects (all partialled-out 
> values are close to zero; tol = 1.0e-09)
note: 26bn.ID is probably collinear with the fixed effects (all partialled-out 
> values are close to zero; tol = 1.0e-09)

HDFE Linear regression                            Number of obs   =         74
Absorbing 1 HDFE group                            F(   2,     24) =       0.59
Statistics robust to heteroskedasticity           Prob > F        =     0.5608
                                                  R-squared       =     0.9633
                                                  Adj R-squared   =     0.9430
                                                  Within R-sq.    =     0.0324
Number of clusters (ID)      =         25         Root MSE        =    10.4495

                                    (Std. err. adjusted for 25 clusters in ID)
------------------------------------------------------------------------------
             |               Robust
sentence_i~y | Coefficient  std. err.      t    P>|t|     [95% conf. interval]
-------------+----------------------------------------------------------------
     treated |
          1  |       -3.7   3.730937    -0.99   0.331    -11.40028    4.000276
          2  |       -1.3   2.833609    -0.46   0.651    -7.148281    4.548281
             |
          ID |
          1  |          0  (omitted)
          2  |          0  (omitted)
          3  |          0  (omitted)
          4  |          0  (omitted)
          5  |          0  (omitted)
          6  |          0  (omitted)
          7  |          0  (omitted)
          8  |          0  (omitted)
          9  |          0  (omitted)
         10  |          0  (omitted)
         11  |          0  (omitted)
         12  |          0  (omitted)
         13  |          0  (omitted)
         15  |          0  (omitted)
         16  |          0  (omitted)
         18  |          0  (omitted)
         19  |          0  (omitted)
         20  |          0  (omitted)
         21  |          0  (omitted)
         22  |          0  (omitted)
         23  |          0  (omitted)
         24  |          0  (omitted)
         25  |          0  (omitted)
         26  |          0  (omitted)
             |
       _cons |   53.98649    2.08192    25.93   0.000     49.68961    58.28336
------------------------------------------------------------------------------

Absorbed degrees of freedom:
-----------------------------------------------------+
 Absorbed FE | Categories  - Redundant  = Num. Coefs |
-------------+---------------------------------------|
          ID |        25          25           0    *|
-----------------------------------------------------+
* = FE nested within cluster; treated as redundant for DoF computation

.                 ereturn list

scalars:
                  e(N) =  74
               e(rank) =  2
               e(df_r) =  24
               e(df_m) =  2
                e(tss) =  139825.4594594595
         e(tss_within) =  5304
                e(rss) =  5132.000000000001
                e(mss) =  134693.4594594595
               e(rmse) =  10.44947316192076
                  e(F) =  .592583565324993
                 e(ll) =  -261.851319860806
               e(ll_0) =  -263.0710546876223
                 e(r2) =  .963297098970106
          e(r2_within) =  .0324283559577675
               e(r2_a) =  .9429933664854837
        e(r2_a_within) =  -.0087449054908382
         e(sumweights) =  74
                 e(ic) =  1
          e(converged) =  1
    e(report_constant) =  1
             e(N_full) =  74
     e(num_singletons) =  0
    e(drop_singletons) =  1
        e(df_a_nested) =  25
     e(df_a_redundant) =  25
       e(df_a_initial) =  25
               e(df_a) =  0
    e(N_hdfe_extended) =  1
             e(N_hdfe) =  1
           e(N_clust1) =  25
      e(N_clustervars) =  1
            e(N_clust) =  25

macros:
   e(extended_absvars) : "ID"
            e(absvars) : "ID"
             e(title2) : "Absorbing 1 HDFE group"
          e(dofmethod) : "pairwise clusters continuous"
                e(vce) : "cluster"
            e(vcetype) : "Robust"
              e(title) : "HDFE Linear regression"
          e(indepvars) : "1bn.treated 2bn.treated 1bn.ID 2bn.ID 3bn.ID 4bn..."
             e(depvar) : "sentence_inaccuracy"
       e(marginsnotok) : "Residuals SCore"
           e(footnote) : "reghdfe_footnote"
          e(estat_cmd) : "reghdfe_estat"
            e(predict) : "reghdfe_p"
              e(model) : "ols"
            e(cmdline) : "reghdfe sentence_inaccuracy i.treated i.ID if (re.."
                e(cmd) : "reghdfe"
           e(clustvar) : "ID"
             e(title3) : "Statistics robust to heteroskedasticity"
          e(clustvar1) : "ID"
         e(properties) : "b V"

matrices:
                  e(b) :  1 x 29
                  e(V) :  29 x 29
          e(dof_table) :  1 x 5

functions:
             e(sample)   

.             
. 
. 
.                 preserve

.                 keep if e(sample)
(6 observations deleted)

.                 levelsof ID, local(id_list)
0 1 2 3 4 5 6 7 8 9 10 11 12 13 15 16 18 19 20 21 22 23 24 25 26

.                 local unique_IDs: word count `id_list' 

.                 scalar unique_IDs = `unique_IDs'

.                 restore

.             
. /Users/yuki/Desktop/law_ethnics/NOVALite_t0/log/merged_defender_political_bac
> kground_NOVALite_t0_15Feb2025_inaccuracy.xls
dir : seeout
      name:  <unnamed>
       log:  /Users/yuki/Desktop/law_ethnics/NOVALite_t0/log/merged_defender_po
> litical_background_NOVALite_t0_15Feb2025.log
  log type:  text
 closed on:  15 Feb 2025, 17:19:12
-------------------------------------------------------------------------------
